replay_soak 开始 root=/private/tmp/bosoak2/home sessions=8 minutes=14.0 pid=95357
[   0s] {"registry_writes": 0, "hook_events": 0, "transcript_lines": 0, "garbage_lines": 0, "huge_lines": 0, "sessions_started": 0, "sessions_killed": 0, "resumes": 0, "clears": 0, "honeypot_key_opened": 0, "honeypot_sock_connected": 0} violations=0
[  30s] {"registry_writes": 16, "hook_events": 82, "transcript_lines": 53, "garbage_lines": 1, "huge_lines": 0, "sessions_started": 8, "sessions_killed": 0, "resumes": 0, "clears": 4, "honeypot_key_opened": 0, "honeypot_sock_connected": 0} violations=0
[  60s] {"registry_writes": 17, "hook_events": 175, "transcript_lines": 100, "garbage_lines": 1, "huge_lines": 0, "sessions_started": 8, "sessions_killed": 0, "resumes": 0, "clears": 4, "honeypot_key_opened": 0, "honeypot_sock_connected": 0} violations=0
[  90s] {"registry_writes": 23, "hook_events": 231, "transcript_lines": 131, "garbage_lines": 1, "huge_lines": 0, "sessions_started": 8, "sessions_killed": 0, "resumes": 0, "clears": 4, "honeypot_key_opened": 0, "honeypot_sock_connected": 0} violations=0
[ 120s] {"registry_writes": 30, "hook_events": 286, "transcript_lines": 162, "garbage_lines": 1, "huge_lines": 0, "sessions_started": 8, "sessions_killed": 0, "resumes": 0, "clears": 4, "honeypot_key_opened": 0, "honeypot_sock_connected": 0} violations=0
[ 150s] {"registry_writes": 32, "hook_events": 346, "transcript_lines": 193, "garbage_lines": 1, "huge_lines": 0, "sessions_started": 8, "sessions_killed": 0, "resumes": 0, "clears": 4, "honeypot_key_opened": 0, "honeypot_sock_connected": 0} violations=0
[ 180s] {"registry_writes": 36, "hook_events": 424, "transcript_lines": 234, "garbage_lines": 1, "huge_lines": 0, "sessions_started": 8, "sessions_killed": 0, "resumes": 0, "clears": 4, "honeypot_key_opened": 0, "honeypot_sock_connected": 0} violations=0
[ 210s] {"registry_writes": 40, "hook_events": 484, "transcript_lines": 266, "garbage_lines": 1, "huge_lines": 0, "sessions_started": 8, "sessions_killed": 0, "resumes": 0, "clears": 4, "honeypot_key_opened": 0, "honeypot_sock_connected": 0} violations=0
[ 240s] {"registry_writes": 47, "hook_events": 539, "transcript_lines": 297, "garbage_lines": 2, "huge_lines": 0, "sessions_started": 8, "sessions_killed": 0, "resumes": 0, "clears": 4, "honeypot_key_opened": 0, "honeypot_sock_connected": 0} violations=0
[ 270s] {"registry_writes": 50, "hook_events": 604, "transcript_lines": 331, "garbage_lines": 2, "huge_lines": 0, "sessions_started": 8, "sessions_killed": 0, "resumes": 0, "clears": 4, "honeypot_key_opened": 0, "honeypot_sock_connected": 0} violations=0
[ 300s] {"registry_writes": 54, "hook_events": 704, "transcript_lines": 383, "garbage_lines": 3, "huge_lines": 0, "sessions_started": 8, "sessions_killed": 0, "resumes": 0, "clears": 4, "honeypot_key_opened": 0, "honeypot_sock_connected": 0} violations=0
[ 330s] {"registry_writes": 59, "hook_events": 771, "transcript_lines": 419, "garbage_lines": 3, "huge_lines": 0, "sessions_started": 8, "sessions_killed": 0, "resumes": 0, "clears": 4, "honeypot_key_opened": 0, "honeypot_sock_connected": 0} violations=0
[ 360s] {"registry_writes": 63, "hook_events": 813, "transcript_lines": 442, "garbage_lines": 3, "huge_lines": 0, "sessions_started": 8, "sessions_killed": 0, "resumes": 0, "clears": 4, "honeypot_key_opened": 0, "honeypot_sock_connected": 0} violations=0
[ 390s] {"registry_writes": 68, "hook_events": 882, "transcript_lines": 479, "garbage_lines": 3, "huge_lines": 0, "sessions_started": 8, "sessions_killed": 0, "resumes": 0, "clears": 4, "honeypot_key_opened": 0, "honeypot_sock_connected": 0} violations=0
[ 420s] {"registry_writes": 73, "hook_events": 947, "transcript_lines": 514, "garbage_lines": 4, "huge_lines": 0, "sessions_started": 8, "sessions_killed": 0, "resumes": 0, "clears": 4, "honeypot_key_opened": 0, "honeypot_sock_connected": 0} violations=0
[ 450s] {"registry_writes": 76, "hook_events": 998, "transcript_lines": 541, "garbage_lines": 4, "huge_lines": 0, "sessions_started": 8, "sessions_killed": 1, "resumes": 0, "clears": 4, "honeypot_key_opened": 0, "honeypot_sock_connected": 0} violations=0
[ 480s] {"registry_writes": 81, "hook_events": 1045, "transcript_lines": 567, "garbage_lines": 5, "huge_lines": 0, "sessions_started": 8, "sessions_killed": 1, "resumes": 0, "clears": 4, "honeypot_key_opened": 0, "honeypot_sock_connected": 0} violations=0
[ 510s] {"registry_writes": 85, "hook_events": 1110, "transcript_lines": 602, "garbage_lines": 5, "huge_lines": 0, "sessions_started": 9, "sessions_killed": 1, "resumes": 1, "clears": 4, "honeypot_key_opened": 0, "honeypot_sock_connected": 0} violations=0
[ 540s] {"registry_writes": 89, "hook_events": 1174, "transcript_lines": 636, "garbage_lines": 5, "huge_lines": 0, "sessions_started": 9, "sessions_killed": 1, "resumes": 1, "clears": 4, "honeypot_key_opened": 0, "honeypot_sock_connected": 0} violations=0
[ 570s] {"registry_writes": 95, "hook_events": 1246, "transcript_lines": 675, "garbage_lines": 7, "huge_lines": 0, "sessions_started": 9, "sessions_killed": 1, "resumes": 1, "clears": 4, "honeypot_key_opened": 0, "honeypot_sock_connected": 0} violations=0
[ 600s] {"registry_writes": 98, "hook_events": 1301, "transcript_lines": 704, "garbage_lines": 8, "huge_lines": 0, "sessions_started": 9, "sessions_killed": 1, "resumes": 1, "clears": 4, "honeypot_key_opened": 0, "honeypot_sock_connected": 0} violations=0
[ 630s] {"registry_writes": 101, "hook_events": 1374, "transcript_lines": 742, "garbage_lines": 9, "huge_lines": 0, "sessions_started": 9, "sessions_killed": 2, "resumes": 1, "clears": 4, "honeypot_key_opened": 0, "honeypot_sock_connected": 0} violations=0
[ 660s] {"registry_writes": 105, "hook_events": 1424, "transcript_lines": 769, "garbage_lines": 9, "huge_lines": 0, "sessions_started": 9, "sessions_killed": 2, "resumes": 1, "clears": 4, "honeypot_key_opened": 0, "honeypot_sock_connected": 0} violations=0
[ 690s] {"registry_writes": 108, "hook_events": 1471, "transcript_lines": 794, "garbage_lines": 10, "huge_lines": 0, "sessions_started": 9, "sessions_killed": 3, "resumes": 1, "clears": 4, "honeypot_key_opened": 0, "honeypot_sock_connected": 0} violations=0
[ 720s] {"registry_writes": 117, "hook_events": 1536, "transcript_lines": 832, "garbage_lines": 10, "huge_lines": 0, "sessions_started": 11, "sessions_killed": 4, "resumes": 3, "clears": 4, "honeypot_key_opened": 0, "honeypot_sock_connected": 0} violations=0
[ 750s] {"registry_writes": 119, "hook_events": 1594, "transcript_lines": 862, "garbage_lines": 10, "huge_lines": 0, "sessions_started": 11, "sessions_killed": 4, "resumes": 3, "clears": 4, "honeypot_key_opened": 0, "honeypot_sock_connected": 0} violations=0
[ 780s] {"registry_writes": 124, "hook_events": 1666, "transcript_lines": 901, "garbage_lines": 10, "huge_lines": 0, "sessions_started": 12, "sessions_killed": 5, "resumes": 3, "clears": 4, "honeypot_key_opened": 0, "honeypot_sock_connected": 0} violations=0
[ 810s] {"registry_writes": 129, "hook_events": 1741, "transcript_lines": 941, "garbage_lines": 10, "huge_lines": 0, "sessions_started": 12, "sessions_killed": 5, "resumes": 3, "clears": 4, "honeypot_key_opened": 0, "honeypot_sock_connected": 0} violations=0
replay_soak 结束：{"seconds": 840.0530378818512, "counters": {"registry_writes": 132, "hook_events": 1805, "transcript_lines": 975, "garbage_lines": 10, "huge_lines": 0, "sessions_started": 13, "sessions_killed": 5, "resumes": 4, "clears": 4, "honeypot_key_opened": 0, "honeypot_sock_connected": 0}, "violations": []}
