replay_soak 开始 root=/private/tmp/bosoak/home sessions=8 minutes=37.0 pid=86101
[   0s] {"registry_writes": 0, "hook_events": 0, "transcript_lines": 0, "garbage_lines": 0, "huge_lines": 0, "sessions_started": 0, "sessions_killed": 0, "resumes": 0, "clears": 0, "honeypot_key_opened": 0, "honeypot_sock_connected": 0} violations=0
[  30s] {"registry_writes": 19, "hook_events": 74, "transcript_lines": 49, "garbage_lines": 1, "huge_lines": 0, "sessions_started": 8, "sessions_killed": 0, "resumes": 0, "clears": 4, "honeypot_key_opened": 0, "honeypot_sock_connected": 0} violations=0
[  60s] {"registry_writes": 25, "hook_events": 148, "transcript_lines": 85, "garbage_lines": 1, "huge_lines": 0, "sessions_started": 8, "sessions_killed": 0, "resumes": 0, "clears": 4, "honeypot_key_opened": 0, "honeypot_sock_connected": 0} violations=0
[  90s] {"registry_writes": 37, "hook_events": 209, "transcript_lines": 117, "garbage_lines": 1, "huge_lines": 0, "sessions_started": 8, "sessions_killed": 0, "resumes": 0, "clears": 4, "honeypot_key_opened": 0, "honeypot_sock_connected": 0} violations=0
[ 120s] {"registry_writes": 48, "hook_events": 262, "transcript_lines": 146, "garbage_lines": 1, "huge_lines": 0, "sessions_started": 8, "sessions_killed": 0, "resumes": 0, "clears": 4, "honeypot_key_opened": 0, "honeypot_sock_connected": 0} violations=0
[ 150s] {"registry_writes": 59, "hook_events": 321, "transcript_lines": 175, "garbage_lines": 1, "huge_lines": 0, "sessions_started": 8, "sessions_killed": 0, "resumes": 0, "clears": 4, "honeypot_key_opened": 0, "honeypot_sock_connected": 0} violations=0
[ 180s] {"registry_writes": 69, "hook_events": 382, "transcript_lines": 206, "garbage_lines": 1, "huge_lines": 0, "sessions_started": 8, "sessions_killed": 0, "resumes": 0, "clears": 4, "honeypot_key_opened": 0, "honeypot_sock_connected": 0} violations=0
[ 210s] {"registry_writes": 74, "hook_events": 439, "transcript_lines": 235, "garbage_lines": 1, "huge_lines": 0, "sessions_started": 8, "sessions_killed": 0, "resumes": 0, "clears": 4, "honeypot_key_opened": 0, "honeypot_sock_connected": 0} violations=0
[ 240s] {"registry_writes": 83, "hook_events": 491, "transcript_lines": 265, "garbage_lines": 1, "huge_lines": 0, "sessions_started": 8, "sessions_killed": 0, "resumes": 0, "clears": 4, "honeypot_key_opened": 0, "honeypot_sock_connected": 0} violations=0
[ 270s] {"registry_writes": 89, "hook_events": 554, "transcript_lines": 298, "garbage_lines": 2, "huge_lines": 0, "sessions_started": 8, "sessions_killed": 0, "resumes": 0, "clears": 4, "honeypot_key_opened": 0, "honeypot_sock_connected": 0} violations=0
[ 300s] {"registry_writes": 96, "hook_events": 643, "transcript_lines": 344, "garbage_lines": 2, "huge_lines": 0, "sessions_started": 8, "sessions_killed": 0, "resumes": 0, "clears": 4, "honeypot_key_opened": 0, "honeypot_sock_connected": 0} violations=0
[ 330s] {"registry_writes": 102, "hook_events": 691, "transcript_lines": 369, "garbage_lines": 3, "huge_lines": 0, "sessions_started": 8, "sessions_killed": 0, "resumes": 0, "clears": 4, "honeypot_key_opened": 0, "honeypot_sock_connected": 0} violations=0
[ 360s] {"registry_writes": 110, "hook_events": 752, "transcript_lines": 402, "garbage_lines": 3, "huge_lines": 0, "sessions_started": 8, "sessions_killed": 0, "resumes": 0, "clears": 4, "honeypot_key_opened": 0, "honeypot_sock_connected": 0} violations=0
[ 390s] {"registry_writes": 115, "hook_events": 814, "transcript_lines": 433, "garbage_lines": 3, "huge_lines": 0, "sessions_started": 8, "sessions_killed": 0, "resumes": 0, "clears": 4, "honeypot_key_opened": 0, "honeypot_sock_connected": 0} violations=0
[ 420s] {"registry_writes": 127, "hook_events": 879, "transcript_lines": 466, "garbage_lines": 3, "huge_lines": 0, "sessions_started": 8, "sessions_killed": 0, "resumes": 0, "clears": 4, "honeypot_key_opened": 0, "honeypot_sock_connected": 0} violations=0
[ 450s] {"registry_writes": 135, "hook_events": 949, "transcript_lines": 502, "garbage_lines": 4, "huge_lines": 0, "sessions_started": 8, "sessions_killed": 0, "resumes": 0, "clears": 4, "honeypot_key_opened": 0, "honeypot_sock_connected": 0} violations=0
[ 480s] {"registry_writes": 140, "hook_events": 1013, "transcript_lines": 535, "garbage_lines": 4, "huge_lines": 0, "sessions_started": 8, "sessions_killed": 0, "resumes": 0, "clears": 4, "honeypot_key_opened": 0, "honeypot_sock_connected": 0} violations=0
[ 510s] {"registry_writes": 149, "hook_events": 1076, "transcript_lines": 567, "garbage_lines": 5, "huge_lines": 0, "sessions_started": 8, "sessions_killed": 1, "resumes": 0, "clears": 4, "honeypot_key_opened": 0, "honeypot_sock_connected": 0} violations=0
[ 540s] {"registry_writes": 158, "hook_events": 1118, "transcript_lines": 590, "garbage_lines": 5, "huge_lines": 0, "sessions_started": 9, "sessions_killed": 1, "resumes": 1, "clears": 4, "honeypot_key_opened": 0, "honeypot_sock_connected": 0} violations=0
[ 570s] {"registry_writes": 165, "hook_events": 1171, "transcript_lines": 618, "garbage_lines": 5, "huge_lines": 0, "sessions_started": 9, "sessions_killed": 1, "resumes": 1, "clears": 4, "honeypot_key_opened": 0, "honeypot_sock_connected": 0} violations=0
[ 600s] {"registry_writes": 173, "hook_events": 1240, "transcript_lines": 654, "garbage_lines": 5, "huge_lines": 0, "sessions_started": 9, "sessions_killed": 1, "resumes": 1, "clears": 4, "honeypot_key_opened": 0, "honeypot_sock_connected": 0} violations=0
[ 630s] {"registry_writes": 177, "hook_events": 1310, "transcript_lines": 691, "garbage_lines": 8, "huge_lines": 0, "sessions_started": 9, "sessions_killed": 1, "resumes": 1, "clears": 4, "honeypot_key_opened": 0, "honeypot_sock_connected": 0} violations=0
[ 660s] {"registry_writes": 185, "hook_events": 1367, "transcript_lines": 722, "garbage_lines": 9, "huge_lines": 0, "sessions_started": 9, "sessions_killed": 1, "resumes": 1, "clears": 4, "honeypot_key_opened": 0, "honeypot_sock_connected": 0} violations=0
[ 690s] {"registry_writes": 189, "hook_events": 1406, "transcript_lines": 742, "garbage_lines": 9, "huge_lines": 0, "sessions_started": 9, "sessions_killed": 1, "resumes": 1, "clears": 4, "honeypot_key_opened": 0, "honeypot_sock_connected": 0} violations=0
[ 720s] {"registry_writes": 196, "hook_events": 1450, "transcript_lines": 766, "garbage_lines": 9, "huge_lines": 0, "sessions_started": 9, "sessions_killed": 4, "resumes": 1, "clears": 4, "honeypot_key_opened": 0, "honeypot_sock_connected": 0} violations=0
[ 750s] {"registry_writes": 198, "hook_events": 1488, "transcript_lines": 786, "garbage_lines": 10, "huge_lines": 0, "sessions_started": 9, "sessions_killed": 5, "resumes": 1, "clears": 4, "honeypot_key_opened": 0, "honeypot_sock_connected": 0} violations=0
[ 780s] {"registry_writes": 205, "hook_events": 1507, "transcript_lines": 799, "garbage_lines": 10, "huge_lines": 0, "sessions_started": 11, "sessions_killed": 5, "resumes": 2, "clears": 4, "honeypot_key_opened": 0, "honeypot_sock_connected": 0} violations=0
[ 810s] {"registry_writes": 214, "hook_events": 1572, "transcript_lines": 835, "garbage_lines": 10, "huge_lines": 0, "sessions_started": 13, "sessions_killed": 5, "resumes": 4, "clears": 6, "honeypot_key_opened": 0, "honeypot_sock_connected": 0} violations=0
[ 840s] {"registry_writes": 218, "hook_events": 1657, "transcript_lines": 878, "garbage_lines": 10, "huge_lines": 0, "sessions_started": 13, "sessions_killed": 6, "resumes": 4, "clears": 6, "honeypot_key_opened": 0, "honeypot_sock_connected": 0} violations=0
[ 870s] {"registry_writes": 225, "hook_events": 1705, "transcript_lines": 906, "garbage_lines": 10, "huge_lines": 0, "sessions_started": 14, "sessions_killed": 6, "resumes": 5, "clears": 6, "honeypot_key_opened": 0, "honeypot_sock_connected": 0} violations=0
[ 900s] {"registry_writes": 231, "hook_events": 1750, "transcript_lines": 931, "garbage_lines": 10, "huge_lines": 0, "sessions_started": 14, "sessions_killed": 7, "resumes": 5, "clears": 6, "honeypot_key_opened": 0, "honeypot_sock_connected": 0} violations=0
[ 930s] {"registry_writes": 234, "hook_events": 1805, "transcript_lines": 959, "garbage_lines": 10, "huge_lines": 0, "sessions_started": 14, "sessions_killed": 8, "resumes": 5, "clears": 6, "honeypot_key_opened": 0, "honeypot_sock_connected": 0} violations=0
[ 960s] {"registry_writes": 241, "hook_events": 1854, "transcript_lines": 987, "garbage_lines": 11, "huge_lines": 0, "sessions_started": 15, "sessions_killed": 8, "resumes": 5, "clears": 6, "honeypot_key_opened": 0, "honeypot_sock_connected": 0} violations=0
[ 990s] {"registry_writes": 248, "hook_events": 1925, "transcript_lines": 1024, "garbage_lines": 14, "huge_lines": 0, "sessions_started": 16, "sessions_killed": 8, "resumes": 6, "clears": 6, "honeypot_key_opened": 0, "honeypot_sock_connected": 0} violations=0
[1020s] {"registry_writes": 253, "hook_events": 1997, "transcript_lines": 1062, "garbage_lines": 14, "huge_lines": 0, "sessions_started": 16, "sessions_killed": 8, "resumes": 6, "clears": 6, "honeypot_key_opened": 0, "honeypot_sock_connected": 0} violations=0
[1051s] {"registry_writes": 258, "hook_events": 2054, "transcript_lines": 1092, "garbage_lines": 14, "huge_lines": 0, "sessions_started": 16, "sessions_killed": 8, "resumes": 6, "clears": 6, "honeypot_key_opened": 0, "honeypot_sock_connected": 0} violations=0
[1081s] {"registry_writes": 264, "hook_events": 2133, "transcript_lines": 1134, "garbage_lines": 16, "huge_lines": 0, "sessions_started": 16, "sessions_killed": 8, "resumes": 6, "clears": 6, "honeypot_key_opened": 0, "honeypot_sock_connected": 0} violations=0
[1111s] {"registry_writes": 270, "hook_events": 2207, "transcript_lines": 1171, "garbage_lines": 17, "huge_lines": 0, "sessions_started": 16, "sessions_killed": 8, "resumes": 6, "clears": 6, "honeypot_key_opened": 0, "honeypot_sock_connected": 0} violations=0
[1141s] {"registry_writes": 276, "hook_events": 2269, "transcript_lines": 1202, "garbage_lines": 19, "huge_lines": 0, "sessions_started": 16, "sessions_killed": 8, "resumes": 6, "clears": 6, "honeypot_key_opened": 0, "honeypot_sock_connected": 0} violations=0
[1171s] {"registry_writes": 286, "hook_events": 2320, "transcript_lines": 1230, "garbage_lines": 21, "huge_lines": 0, "sessions_started": 16, "sessions_killed": 9, "resumes": 6, "clears": 6, "honeypot_key_opened": 0, "honeypot_sock_connected": 0} violations=0
[1201s] {"registry_writes": 290, "hook_events": 2376, "transcript_lines": 1260, "garbage_lines": 22, "huge_lines": 0, "sessions_started": 16, "sessions_killed": 9, "resumes": 6, "clears": 6, "honeypot_key_opened": 0, "honeypot_sock_connected": 0} violations=0
[1231s] {"registry_writes": 296, "hook_events": 2438, "transcript_lines": 1292, "garbage_lines": 22, "huge_lines": 0, "sessions_started": 16, "sessions_killed": 9, "resumes": 6, "clears": 6, "honeypot_key_opened": 0, "honeypot_sock_connected": 0} violations=0
[1261s] {"registry_writes": 308, "hook_events": 2511, "transcript_lines": 1330, "garbage_lines": 23, "huge_lines": 0, "sessions_started": 17, "sessions_killed": 9, "resumes": 7, "clears": 7, "honeypot_key_opened": 0, "honeypot_sock_connected": 0} violations=0
[1291s] {"registry_writes": 317, "hook_events": 2559, "transcript_lines": 1355, "garbage_lines": 25, "huge_lines": 0, "sessions_started": 17, "sessions_killed": 10, "resumes": 7, "clears": 7, "honeypot_key_opened": 0, "honeypot_sock_connected": 0} violations=0
[1321s] {"registry_writes": 320, "hook_events": 2598, "transcript_lines": 1376, "garbage_lines": 25, "huge_lines": 0, "sessions_started": 17, "sessions_killed": 10, "resumes": 7, "clears": 7, "honeypot_key_opened": 0, "honeypot_sock_connected": 0} violations=0
[1351s] {"registry_writes": 326, "hook_events": 2641, "transcript_lines": 1401, "garbage_lines": 26, "huge_lines": 0, "sessions_started": 18, "sessions_killed": 12, "resumes": 8, "clears": 8, "honeypot_key_opened": 0, "honeypot_sock_connected": 0} violations=0
[1381s] {"registry_writes": 333, "hook_events": 2695, "transcript_lines": 1430, "garbage_lines": 27, "huge_lines": 0, "sessions_started": 18, "sessions_killed": 12, "resumes": 8, "clears": 8, "honeypot_key_opened": 0, "honeypot_sock_connected": 0} violations=0
[1411s] {"registry_writes": 343, "hook_events": 2750, "transcript_lines": 1461, "garbage_lines": 28, "huge_lines": 0, "sessions_started": 20, "sessions_killed": 12, "resumes": 9, "clears": 8, "honeypot_key_opened": 0, "honeypot_sock_connected": 0} violations=0
[1441s] {"registry_writes": 351, "hook_events": 2811, "transcript_lines": 1492, "garbage_lines": 29, "huge_lines": 0, "sessions_started": 20, "sessions_killed": 13, "resumes": 9, "clears": 8, "honeypot_key_opened": 0, "honeypot_sock_connected": 0} violations=0
[1471s] {"registry_writes": 357, "hook_events": 2864, "transcript_lines": 1519, "garbage_lines": 29, "huge_lines": 0, "sessions_started": 20, "sessions_killed": 13, "resumes": 9, "clears": 8, "honeypot_key_opened": 0, "honeypot_sock_connected": 0} violations=0
[1501s] {"registry_writes": 367, "hook_events": 2939, "transcript_lines": 1556, "garbage_lines": 30, "huge_lines": 0, "sessions_started": 20, "sessions_killed": 13, "resumes": 9, "clears": 8, "honeypot_key_opened": 0, "honeypot_sock_connected": 0} violations=0
[1531s] {"registry_writes": 377, "hook_events": 2988, "transcript_lines": 1583, "garbage_lines": 31, "huge_lines": 0, "sessions_started": 21, "sessions_killed": 13, "resumes": 10, "clears": 8, "honeypot_key_opened": 0, "honeypot_sock_connected": 0} violations=0
[1561s] {"registry_writes": 381, "hook_events": 3030, "transcript_lines": 1605, "garbage_lines": 32, "huge_lines": 0, "sessions_started": 21, "sessions_killed": 14, "resumes": 10, "clears": 8, "honeypot_key_opened": 0, "honeypot_sock_connected": 0} violations=0
[1591s] {"registry_writes": 391, "hook_events": 3096, "transcript_lines": 1640, "garbage_lines": 32, "huge_lines": 0, "sessions_started": 21, "sessions_killed": 14, "resumes": 10, "clears": 8, "honeypot_key_opened": 0, "honeypot_sock_connected": 0} violations=0
[1621s] {"registry_writes": 397, "hook_events": 3150, "transcript_lines": 1667, "garbage_lines": 34, "huge_lines": 0, "sessions_started": 22, "sessions_killed": 14, "resumes": 11, "clears": 9, "honeypot_key_opened": 0, "honeypot_sock_connected": 0} violations=0
[1651s] {"registry_writes": 408, "hook_events": 3222, "transcript_lines": 1705, "garbage_lines": 34, "huge_lines": 0, "sessions_started": 22, "sessions_killed": 14, "resumes": 11, "clears": 9, "honeypot_key_opened": 0, "honeypot_sock_connected": 0} violations=0
[1681s] {"registry_writes": 415, "hook_events": 3282, "transcript_lines": 1735, "garbage_lines": 37, "huge_lines": 0, "sessions_started": 22, "sessions_killed": 15, "resumes": 11, "clears": 9, "honeypot_key_opened": 0, "honeypot_sock_connected": 0} violations=0
[1711s] {"registry_writes": 427, "hook_events": 3330, "transcript_lines": 1759, "garbage_lines": 37, "huge_lines": 0, "sessions_started": 22, "sessions_killed": 15, "resumes": 11, "clears": 9, "honeypot_key_opened": 0, "honeypot_sock_connected": 0} violations=0
[1741s] {"registry_writes": 437, "hook_events": 3395, "transcript_lines": 1795, "garbage_lines": 37, "huge_lines": 0, "sessions_started": 23, "sessions_killed": 15, "resumes": 12, "clears": 10, "honeypot_key_opened": 0, "honeypot_sock_connected": 0} violations=0
[1771s] {"registry_writes": 445, "hook_events": 3467, "transcript_lines": 1831, "garbage_lines": 40, "huge_lines": 0, "sessions_started": 23, "sessions_killed": 15, "resumes": 12, "clears": 10, "honeypot_key_opened": 0, "honeypot_sock_connected": 0} violations=0
[1801s] {"registry_writes": 450, "hook_events": 3522, "transcript_lines": 1859, "garbage_lines": 40, "huge_lines": 0, "sessions_started": 23, "sessions_killed": 15, "resumes": 12, "clears": 10, "honeypot_key_opened": 0, "honeypot_sock_connected": 0} violations=0
[1831s] {"registry_writes": 457, "hook_events": 3576, "transcript_lines": 1887, "garbage_lines": 41, "huge_lines": 0, "sessions_started": 24, "sessions_killed": 17, "resumes": 13, "clears": 11, "honeypot_key_opened": 0, "honeypot_sock_connected": 0} violations=0
[1861s] {"registry_writes": 468, "hook_events": 3620, "transcript_lines": 1911, "garbage_lines": 41, "huge_lines": 0, "sessions_started": 24, "sessions_killed": 17, "resumes": 13, "clears": 11, "honeypot_key_opened": 0, "honeypot_sock_connected": 0} violations=0
[1891s] {"registry_writes": 475, "hook_events": 3655, "transcript_lines": 1929, "garbage_lines": 43, "huge_lines": 0, "sessions_started": 25, "sessions_killed": 17, "resumes": 13, "clears": 11, "honeypot_key_opened": 0, "honeypot_sock_connected": 0} violations=0
[1921s] {"registry_writes": 482, "hook_events": 3730, "transcript_lines": 1969, "garbage_lines": 44, "huge_lines": 0, "sessions_started": 25, "sessions_killed": 17, "resumes": 13, "clears": 11, "honeypot_key_opened": 0, "honeypot_sock_connected": 0} violations=0
[1951s] {"registry_writes": 490, "hook_events": 3802, "transcript_lines": 2007, "garbage_lines": 45, "huge_lines": 0, "sessions_started": 25, "sessions_killed": 17, "resumes": 13, "clears": 11, "honeypot_key_opened": 0, "honeypot_sock_connected": 0} violations=0
[1981s] {"registry_writes": 496, "hook_events": 3860, "transcript_lines": 2039, "garbage_lines": 46, "huge_lines": 0, "sessions_started": 25, "sessions_killed": 19, "resumes": 13, "clears": 11, "honeypot_key_opened": 0, "honeypot_sock_connected": 0} violations=0
[2012s] {"registry_writes": 501, "hook_events": 3931, "transcript_lines": 2075, "garbage_lines": 49, "huge_lines": 0, "sessions_started": 25, "sessions_killed": 19, "resumes": 13, "clears": 11, "honeypot_key_opened": 0, "honeypot_sock_connected": 0} violations=0
[2042s] {"registry_writes": 508, "hook_events": 3997, "transcript_lines": 2111, "garbage_lines": 50, "huge_lines": 0, "sessions_started": 27, "sessions_killed": 19, "resumes": 15, "clears": 13, "honeypot_key_opened": 0, "honeypot_sock_connected": 0} violations=0
[2072s] {"registry_writes": 516, "hook_events": 4064, "transcript_lines": 2144, "garbage_lines": 51, "huge_lines": 0, "sessions_started": 27, "sessions_killed": 19, "resumes": 15, "clears": 13, "honeypot_key_opened": 0, "honeypot_sock_connected": 0} violations=0
[2102s] {"registry_writes": 526, "hook_events": 4122, "transcript_lines": 2177, "garbage_lines": 52, "huge_lines": 0, "sessions_started": 27, "sessions_killed": 19, "resumes": 15, "clears": 13, "honeypot_key_opened": 0, "honeypot_sock_connected": 0} violations=0
replay_soak 结束：{"seconds": 2127.408639907837, "counters": {"registry_writes": 528, "hook_events": 4183, "transcript_lines": 2208, "garbage_lines": 53, "huge_lines": 0, "sessions_started": 27, "sessions_killed": 20, "resumes": 15, "clears": 13, "honeypot_key_opened": 0, "honeypot_sock_connected": 0}, "violations": []}
