开始 2026-09-29 05:19:27，35 分钟；二进制 .build-t/release/BuddyOffice；已装好的 App pid=8520
pid：演示 86125  真实数据(开发副本) 86128  replay 86131  已装好 8520
结束 2026-09-29 05:54:55
== QA/evidence/soak-prelim/soak-demo.log
# 采样 70 个；RSS 首 37.1 → 末 22.0 MB，最大 37.1 MB；预热 3 分钟后 RSS 斜率 -33.38 MB/小时
# 物理占用 首 28.0 → 末 27.0 MB，最大 29.0 MB；斜率 +1.88 MB/小时
# CPU 平均 1.39%，最大 2.80%（单核百分比）
# 文件句柄 首 38 → 末 38，最大 38；线程 首 6 → 末 6
# 线程数 首 6 → 末 6，最大 8；前 5 个采样的中位数 → 后 5 个采样的中位数：+0（> 8 算在涨）
# .key 句柄出现次数 0，.sock 句柄出现次数 0
# 崩溃报告（05:19:41 之后 ~/Library/Logs/DiagnosticReports 里的 Buddy*）：0 份 []
# 结果：✅ 进程一直在、线程数和句柄数没有增长、没有 .key / .sock 句柄、没有崩溃报告
== QA/evidence/soak-prelim/soak-real-dev.log
# 采样 70 个；RSS 首 37.1 → 末 26.2 MB，最大 37.1 MB；预热 3 分钟后 RSS 斜率 -33.25 MB/小时
# 物理占用 首 37.0 → 末 31.0 MB，最大 39.0 MB；斜率 -18.43 MB/小时
# CPU 平均 0.91%，最大 1.69%（单核百分比）
# 文件句柄 首 54 → 末 54，最大 55；线程 首 7 → 末 8
# 线程数 首 7 → 末 8，最大 10；前 5 个采样的中位数 → 后 5 个采样的中位数：-1（> 8 算在涨）
# .key 句柄出现次数 0，.sock 句柄出现次数 0
# 崩溃报告（05:19:41 之后 ~/Library/Logs/DiagnosticReports 里的 Buddy*）：0 份 []
# 结果：✅ 进程一直在、线程数和句柄数没有增长、没有 .key / .sock 句柄、没有崩溃报告
== QA/evidence/soak-prelim/soak-real-installed.log
# 采样 70 个；RSS 首 19.7 → 末 20.8 MB，最大 24.3 MB；预热 3 分钟后 RSS 斜率 -10.61 MB/小时
# 物理占用 首 30.0 → 末 30.0 MB，最大 33.0 MB；斜率 -6.72 MB/小时
# CPU 平均 0.53%，最大 1.10%（单核百分比）
# 文件句柄 首 54 → 末 54，最大 55；线程 首 8 → 末 8
# 线程数 首 8 → 末 8，最大 10；前 5 个采样的中位数 → 后 5 个采样的中位数：+0（> 8 算在涨）
# .key 句柄出现次数 0，.sock 句柄出现次数 0
# 崩溃报告（05:19:41 之后 ~/Library/Logs/DiagnosticReports 里的 Buddy*）：0 份 []
# 结果：✅ 进程一直在、线程数和句柄数没有增长、没有 .key / .sock 句柄、没有崩溃报告
== QA/evidence/soak-prelim/soak-replay-calm.log
# 采样 24 个；RSS 首 76.6 → 末 30.3 MB，最大 76.6 MB；预热 3 分钟后 RSS 斜率 -75.35 MB/小时
# 物理占用 首 26.0 → 末 30.0 MB，最大 30.0 MB；斜率 +16.37 MB/小时
# CPU 平均 2.11%，最大 3.92%（单核百分比，含启动期）
# 文件句柄 首 58 → 末 58，最大 58；线程 首 7 → 末 13
# CPU 预热 3 分钟后：平均 2.20%，中位 2.23%，P95 3.92%，最大 3.92%（19 个采样）
# CPU 预算 ≤3.0%（预热后平均 2.20%）：✅
# 线程数 首 7 → 末 13，最大 13；前 5 个采样的中位数 → 后 5 个采样的中位数：+3（> 8 算在涨）
# .key 句柄出现次数 0，.sock 句柄出现次数 0
# 崩溃报告（05:37:19 之后 ~/Library/Logs/DiagnosticReports 里的 Buddy*）：0 份 []
# 结果：✗ 有问题，见上面（线程增长 +3，句柄增长 +0）
== QA/evidence/soak-prelim/soak-replay-noalerts.log
# 采样 15 个；RSS 首 22.0 → 末 19.3 MB，最大 22.0 MB；预热 3 分钟后 RSS 斜率 +124.11 MB/小时
# 物理占用 首 24.0 → 末 25.0 MB，最大 27.0 MB；斜率 -38.34 MB/小时
# CPU 平均 0.54%，最大 2.74%（单核百分比，含启动期）
# 文件句柄 首 59 → 末 58，最大 60；线程 首 10 → 末 6
# CPU 预热 3 分钟后：平均 0.31%，中位 0.30%，P95 0.40%，最大 0.40%（7 个采样）
# 线程数 首 10 → 末 6，最大 10；前 5 个采样的中位数 → 后 5 个采样的中位数：-2（> 8 算在涨）
# .key 句柄出现次数 0，.sock 句柄出现次数 0
# 崩溃报告（05:48:14 之后 ~/Library/Logs/DiagnosticReports 里的 Buddy*）：0 份 []
# 结果：✅ 进程一直在、线程数和句柄数没有增长、内存没有增长、CPU / RSS 在预算内、没有 .key / .sock 句柄、没有崩溃报告
== QA/evidence/soak-prelim/soak-replay.log
# 采样 70 个；RSS 首 43.5 → 末 34.8 MB，最大 44.3 MB；预热 3 分钟后 RSS 斜率 -32.53 MB/小时
# 物理占用 首 29.0 → 末 35.0 MB，最大 36.0 MB；斜率 +4.19 MB/小时
# CPU 平均 3.08%，最大 5.85%（单核百分比）
# 文件句柄 首 58 → 末 58，最大 60；线程 首 11 → 末 13
# 线程数 首 11 → 末 13，最大 15；前 5 个采样的中位数 → 后 5 个采样的中位数：+1（> 8 算在涨）
# .key 句柄出现次数 0，.sock 句柄出现次数 0
# 崩溃报告（05:19:41 之后 ~/Library/Logs/DiagnosticReports 里的 Buddy*）：0 份 []
# 结果：✅ 进程一直在、线程数和句柄数没有增长、没有 .key / .sock 句柄、没有崩溃报告
replay 发生器：replay_soak 结束：{"seconds": 2127.408639907837, "counters": {"registry_writes": 528, "hook_events": 4183, "transcript_lines": 2208, "garbage_lines": 53, "huge_lines": 0, "sessions_started": 27, "sessions_killed": 20, "resumes": 15, "clears": 13, "honeypot_key_opened": 0, "honeypot_sock_connected": 0}, "violations": []}
