# 演示（busy6，三种形态全开） pid=86125 开始 05:19:41，35 分钟，每 30 秒一行
# 秒  RSS(MB)  footprint(MB)  CPU%%  线程  句柄  .key  .sock  句柄类型
   30     37.1     28.0   2.80    6    38  0  0  CHR:3,DIR:1,REG:34
   60     35.6     28.0   1.66    7    38  0  0  CHR:3,DIR:1,REG:34
   90     35.5     28.0   0.93    7    38  0  0  CHR:3,DIR:1,REG:34
  120     35.1     28.0   1.36    7    38  0  0  CHR:3,DIR:1,REG:34
  150     34.5     26.0   1.56    7    38  0  0  CHR:3,DIR:1,REG:34
  181     34.3     26.0   1.87    6    38  0  0  CHR:3,DIR:1,REG:34
  211     34.2     26.0   0.50    7    38  0  0  CHR:3,DIR:1,REG:34
  241     34.4     26.0   1.36    6    38  0  0  CHR:3,DIR:1,REG:34
  271     34.4     26.0   1.86    6    38  0  0  CHR:3,DIR:1,REG:34
  301     34.1     26.0   1.85    7    38  0  0  CHR:3,DIR:1,REG:34
  332     34.7     26.0   1.89    5    38  0  0  CHR:3,DIR:1,REG:34
  362     34.7     26.0   1.94    6    38  0  0  CHR:3,DIR:1,REG:34
  392     34.5     26.0   1.89    6    38  0  0  CHR:3,DIR:1,REG:34
  422     34.7     26.0   1.79    7    38  0  0  CHR:3,DIR:1,REG:34
  452     34.7     26.0   2.03    6    38  0  0  CHR:3,DIR:1,REG:34
  482     34.4     26.0   2.06    7    38  0  0  CHR:3,DIR:1,REG:34
  512     34.4     26.0   2.13    6    38  0  0  CHR:3,DIR:1,REG:34
  543     32.9     26.0   0.96    7    38  0  0  CHR:3,DIR:1,REG:34
  573     29.1     26.0   0.80    8    38  0  0  CHR:3,DIR:1,REG:34
  603     31.4     26.0   1.56    7    38  0  0  CHR:3,DIR:1,REG:34
  633     33.3     28.0   2.26    7    38  0  0  CHR:3,DIR:1,REG:34
  663     32.5     28.0   2.16    6    38  0  0  CHR:3,DIR:1,REG:34
  693     31.6     28.0   2.39    7    38  0  0  CHR:3,DIR:1,REG:34
  723     32.9     29.0   2.23    6    38  0  0  CHR:3,DIR:1,REG:34
  753     31.6     29.0   2.22    7    38  0  0  CHR:3,DIR:1,REG:34
  783     33.2     29.0   2.09    6    38  0  0  CHR:3,DIR:1,REG:34
  814     26.7     26.0   1.53    8    38  0  0  CHR:3,DIR:1,REG:34
  844     32.9     27.0   0.50    7    38  0  0  CHR:3,DIR:1,REG:34
  874     30.3     27.0   0.86    6    38  0  0  CHR:3,DIR:1,REG:34
  904     30.0     27.0   1.03    6    38  0  0  CHR:3,DIR:1,REG:34
  934     30.2     27.0   1.99    7    38  0  0  CHR:3,DIR:1,REG:34
  964     30.1     27.0   1.83    6    38  0  0  CHR:3,DIR:1,REG:34
  994     31.7     27.0   1.36    8    38  0  0  CHR:3,DIR:1,REG:34
 1025     26.4     26.0   0.46    6    38  0  0  CHR:3,DIR:1,REG:34
 1055     30.4     26.0   0.96    7    38  0  0  CHR:3,DIR:1,REG:34
 1085     28.4     27.0   2.22    6    38  0  0  CHR:3,DIR:1,REG:34
 1115     29.9     27.0   0.76    7    38  0  0  CHR:3,DIR:1,REG:34
 1145     22.9     28.0   0.33    6    38  0  0  CHR:3,DIR:1,REG:34
 1175     25.0     26.0   0.69    6    38  0  0  CHR:3,DIR:1,REG:34
 1206     25.6     26.0   0.73    7    38  0  0  CHR:3,DIR:1,REG:34
 1236     26.1     28.0   0.76    6    38  0  0  CHR:3,DIR:1,REG:34
 1266     26.1     28.0   1.06    7    38  0  0  CHR:3,DIR:1,REG:34
 1296     26.3     28.0   1.46    7    38  0  0  CHR:3,DIR:1,REG:34
 1327     25.7     28.0   1.48    7    38  0  0  CHR:3,DIR:1,REG:34
 1357     25.6     28.0   1.79    6    38  0  0  CHR:3,DIR:1,REG:34
 1387     26.2     28.0   1.86    7    38  0  0  CHR:3,DIR:1,REG:34
 1417     25.8     28.0   1.79    7    38  0  0  CHR:3,DIR:1,REG:34
 1447     26.3     28.0   1.66    7    38  0  0  CHR:3,DIR:1,REG:34
 1477     26.1     28.0   1.73    6    38  0  0  CHR:3,DIR:1,REG:34
 1507     25.6     28.0   2.16    7    38  0  0  CHR:3,DIR:1,REG:34
 1537     26.3     28.0   1.16    7    38  0  0  CHR:3,DIR:1,REG:34
 1568     26.5     28.0   0.63    7    38  0  0  CHR:3,DIR:1,REG:34
 1598     27.2     28.0   1.66    7    38  0  0  CHR:3,DIR:1,REG:34
 1628     26.4     28.0   1.83    7    38  0  0  CHR:3,DIR:1,REG:34
 1658     23.5     27.0   1.20    6    38  0  0  CHR:3,DIR:1,REG:34
 1688     23.9     26.0   0.63    7    38  0  0  CHR:3,DIR:1,REG:34
 1718     14.0     26.0   0.33    6    38  0  0  CHR:3,DIR:1,REG:34
 1749     11.2     27.0   0.13    6    38  0  0  CHR:3,DIR:1,REG:34
 1779     16.6     27.0   0.49    8    38  0  0  CHR:3,DIR:1,REG:34
 1809     22.3     27.0   0.80    8    38  0  0  CHR:3,DIR:1,REG:34
 1840     11.7     27.0   0.33    7    38  0  0  CHR:3,DIR:1,REG:34
 1870     15.6     27.0   0.50    8    38  0  0  CHR:3,DIR:1,REG:34
 1900     15.5     27.0   0.29    7    38  0  0  CHR:3,DIR:1,REG:34
 1931     19.5     27.0   0.46    8    38  0  0  CHR:3,DIR:1,REG:34
 1961     21.3     27.0   0.99    8    38  0  0  CHR:3,DIR:1,REG:34
 1991     21.7     27.0   1.59    8    38  0  0  CHR:3,DIR:1,REG:34
 2021     21.8     27.0   1.59    6    38  0  0  CHR:3,DIR:1,REG:34
 2051     22.2     27.0   1.52    7    38  0  0  CHR:3,DIR:1,REG:34
 2081     22.2     27.0   2.13    7    38  0  0  CHR:3,DIR:1,REG:34
 2112     22.0     27.0   2.03    6    38  0  0  CHR:3,DIR:1,REG:34
# ---- 汇总 ----
# 采样 70 个；RSS 首 37.1 → 末 22.0 MB，最大 37.1 MB；预热 3 分钟后 RSS 斜率 -33.38 MB/小时
# 物理占用 首 28.0 → 末 27.0 MB，最大 29.0 MB；斜率 +1.88 MB/小时
# CPU 平均 1.39%，最大 2.80%（单核百分比）
# 文件句柄 首 38 → 末 38，最大 38；线程 首 6 → 末 6
# 线程数 首 6 → 末 6，最大 8；前 5 个采样的中位数 → 后 5 个采样的中位数：+0（> 8 算在涨）
# .key 句柄出现次数 0，.sock 句柄出现次数 0
# 崩溃报告（05:19:41 之后 ~/Library/Logs/DiagnosticReports 里的 Buddy*）：0 份 []
# 结果：✅ 进程一直在、线程数和句柄数没有增长、没有 .key / .sock 句柄、没有崩溃报告
