# replay 少提醒（wait-prob 0） pid=95377 开始 05:37:19，12 分钟，每 30 秒一行
# 秒  RSS(MB)  footprint(MB)  CPU%  线程  句柄  .key  .sock  句柄类型
   30     76.6     26.0   2.83    7    58  0  0  CHR:3,DIR:20,KQUEUE:1,REG:34
   60     44.2     28.0   1.64   11    58  0  0  CHR:3,DIR:20,KQUEUE:1,REG:34
   90     25.9     25.0   2.02    9    58  0  0  CHR:3,DIR:20,KQUEUE:1,REG:34
  120     28.9     26.0   1.66    7    58  0  0  CHR:3,DIR:20,KQUEUE:1,REG:34
  151     26.4     26.0   0.70    7    58  0  0  CHR:3,DIR:20,KQUEUE:1,REG:34
  181     33.6     27.0   1.36   10    58  0  0  CHR:3,DIR:20,KQUEUE:1,REG:34
  211     34.6     27.0   2.13   11    58  0  0  CHR:3,DIR:20,KQUEUE:1,REG:34
  241     32.5     27.0   3.19   11    58  0  0  CHR:3,DIR:20,KQUEUE:1,REG:34
  271     28.8     27.0   1.50    7    58  0  0  CHR:3,DIR:20,KQUEUE:1,REG:34
  301     30.9     27.0   2.49    8    58  0  0  CHR:3,DIR:20,KQUEUE:1,REG:34
  331     33.9     28.0   3.92   11    58  0  0  CHR:3,DIR:20,KQUEUE:1,REG:34
  361     32.9     28.0   2.26   10    58  0  0  CHR:3,DIR:20,KQUEUE:1,REG:34
  391     30.4     28.0   2.23    8    58  0  0  CHR:3,DIR:20,KQUEUE:1,REG:34
  421     34.1     28.0   2.43   12    58  0  0  CHR:3,DIR:20,KQUEUE:1,REG:34
  452     32.5     28.0   2.86   11    58  0  0  CHR:3,DIR:20,KQUEUE:1,REG:34
  482     32.5     29.0   2.52   11    58  0  0  CHR:3,DIR:20,KQUEUE:1,REG:34
  512     27.6     29.0   0.96    7    58  0  0  CHR:3,DIR:20,KQUEUE:1,REG:34
  542     34.5     29.0   2.06   12    58  0  0  CHR:3,DIR:20,KQUEUE:1,REG:34
  572     29.4     29.0   3.49    7    58  0  0  CHR:3,DIR:20,KQUEUE:1,REG:34
  602     28.9     28.0   1.76    7    58  0  0  CHR:3,DIR:20,KQUEUE:1,REG:34
  632     28.1     28.0   1.95   10    58  0  0  CHR:3,DIR:20,KQUEUE:1,REG:34
  662     16.4     29.0   1.62   10    58  0  0  CHR:3,DIR:20,KQUEUE:1,REG:34
  693     11.9     29.0   0.13    8    58  0  0  CHR:3,DIR:20,KQUEUE:1,REG:34
  723     30.3     30.0   2.92   13    58  0  0  CHR:3,DIR:20,KQUEUE:1,REG:34
# ---- 汇总 ----
# 采样 24 个；RSS 首 76.6 → 末 30.3 MB，最大 76.6 MB；预热 3 分钟后 RSS 斜率 -75.35 MB/小时
# 物理占用 首 26.0 → 末 30.0 MB，最大 30.0 MB；斜率 +16.37 MB/小时
# CPU 平均 2.11%，最大 3.92%（单核百分比，含启动期）
# 文件句柄 首 58 → 末 58，最大 58；线程 首 7 → 末 13
# CPU 预热 3 分钟后：平均 2.20%，中位 2.23%，P95 3.92%，最大 3.92%（19 个采样）
# CPU 预算 ≤3.0%（预热后平均 2.20%）：✅
# RSS 预算 ≤80 MB（预热后最大 34.6 MB，均值 29.7 MB；全程最大 76.6 MB）：✅
# 内存增长（预热后物理占用斜率 +16.37 MB/小时，预算 ≤+3.0）：✗ 在涨
# 线程数 首 7 → 末 13，最大 13；前 5 个采样的中位数 → 后 5 个采样的中位数：+3（> 8 算在涨）
# .key 句柄出现次数 0，.sock 句柄出现次数 0
# 崩溃报告（05:37:19 之后 ~/Library/Logs/DiagnosticReports 里的 Buddy*）：0 份 []
# 结果：✗ 有问题，见上面（线程增长 +3，句柄增长 +0）
