# replay（假 home，8 个会话 + 噪声） pid=86131 开始 05:19:41，35 分钟，每 30 秒一行
# 秒  RSS(MB)  footprint(MB)  CPU%%  线程  句柄  .key  .sock  句柄类型
   30     43.5     29.0   3.83   11    58  0  0  CHR:3,DIR:20,KQUEUE:1,REG:34
   60     43.5     30.0   4.68   14    58  0  0  CHR:3,DIR:20,KQUEUE:1,REG:34
   90     44.3     30.0   2.95    9    58  0  0  CHR:3,DIR:20,KQUEUE:1,REG:34
  120     42.1     31.0   3.85   14    58  0  0  CHR:3,DIR:20,KQUEUE:1,REG:34
  150     43.0     31.0   3.55   11    58  0  0  CHR:3,DIR:20,KQUEUE:1,REG:34
  181     42.9     31.0   3.32   10    58  0  0  CHR:3,DIR:20,KQUEUE:1,REG:34
  211     41.3     32.0   1.74   11    58  0  0  CHR:3,DIR:20,KQUEUE:1,REG:34
  241     42.4     32.0   3.78   12    58  0  0  CHR:3,DIR:20,KQUEUE:1,REG:34
  271     40.3     32.0   1.93    9    58  0  0  CHR:3,DIR:20,KQUEUE:1,REG:34
  301     41.2     32.0   3.87   12    58  0  0  CHR:3,DIR:20,KQUEUE:1,REG:34
  332     42.8     32.0   3.05    9    58  0  0  CHR:3,DIR:20,KQUEUE:1,REG:34
  362     43.4     32.0   3.95   11    58  0  0  CHR:3,DIR:20,KQUEUE:1,REG:34
  392     43.2     33.0   4.39   12    58  0  0  CHR:3,DIR:20,KQUEUE:1,REG:34
  422     43.3     33.0   4.02   10    58  0  0  CHR:3,DIR:20,KQUEUE:1,REG:34
  452     40.7     33.0   3.52    9    58  0  0  CHR:3,DIR:20,KQUEUE:1,REG:34
  482     41.9     33.0   5.48   13    58  0  0  CHR:3,DIR:20,KQUEUE:1,REG:34
  512     42.0     33.0   5.58   13    58  0  0  CHR:3,DIR:20,KQUEUE:1,REG:34
  543     41.0     34.0   3.12   13    58  0  0  CHR:3,DIR:20,KQUEUE:1,REG:34
  573     39.7     33.0   2.72   11    58  0  0  CHR:3,DIR:20,KQUEUE:1,REG:34
  603     33.7     33.0   2.26    8    58  0  0  CHR:3,DIR:20,KQUEUE:1,REG:34
  633     40.4     34.0   4.02   13    58  0  0  CHR:3,DIR:20,KQUEUE:1,REG:34
  663     39.9     34.0   4.89    9    58  0  0  CHR:3,DIR:20,KQUEUE:1,REG:34
  693     37.2     34.0   2.33   10    58  0  0  CHR:3,DIR:20,KQUEUE:1,REG:34
  723     42.1     34.0   5.28    9    58  0  0  CHR:3,DIR:20,KQUEUE:1,REG:34
  753     40.1     35.0   3.12   12    58  0  0  CHR:3,DIR:20,KQUEUE:1,REG:34
  783     40.1     35.0   5.85   10    58  0  0  CHR:3,DIR:20,KQUEUE:1,REG:34
  814     38.3     31.0   2.76   15    58  0  0  CHR:3,DIR:20,KQUEUE:1,REG:34
  844     37.7     31.0   1.62   11    58  0  0  CHR:3,DIR:20,KQUEUE:1,REG:34
  874     30.6     31.0   1.49    8    58  0  0  CHR:3,DIR:20,KQUEUE:1,REG:34
  904     38.1     32.0   1.96   10    58  0  0  CHR:3,DIR:20,KQUEUE:1,REG:34
  934     37.7     32.0   3.69   12    58  0  0  CHR:3,DIR:20,KQUEUE:1,REG:34
  964     39.8     32.0   3.06    8    58  0  0  CHR:3,DIR:20,KQUEUE:1,REG:34
  994     38.0     32.0   2.89   13    58  0  0  CHR:3,DIR:20,KQUEUE:1,REG:34
 1025     30.3     32.0   1.62    9    58  0  0  CHR:3,DIR:20,KQUEUE:1,REG:34
 1055     39.3     32.0   2.45   13    58  0  0  CHR:3,DIR:20,KQUEUE:1,REG:34
 1085     32.8     32.0   2.95    9    58  0  0  CHR:3,DIR:20,KQUEUE:1,REG:34
 1115     35.0     32.0   2.85   10    58  0  0  CHR:3,DIR:20,KQUEUE:1,REG:34
 1145     20.8     31.0   0.33    8    58  0  0  CHR:3,DIR:20,KQUEUE:1,REG:34
 1175     32.3     32.0   2.28   10    58  0  0  CHR:3,DIR:20,KQUEUE:1,REG:34
 1206     34.3     32.0   1.59   12    58  0  0  CHR:3,DIR:20,KQUEUE:1,REG:34
 1236     34.5     33.0   2.98    9    58  0  0  CHR:3,DIR:20,KQUEUE:1,REG:34
 1266     35.9     33.0   3.65   12    58  0  0  CHR:3,DIR:20,KQUEUE:1,REG:34
 1296     30.1     34.0   2.25    9    58  0  0  CHR:3,DIR:20,KQUEUE:1,REG:34
 1327     34.5     34.0   3.19   13    58  0  0  CHR:3,DIR:20,KQUEUE:1,REG:34
 1357     31.9     34.0   2.22   10    58  0  0  CHR:3,DIR:20,KQUEUE:1,REG:34
 1387     34.8     34.0   3.69   11    58  0  0  CHR:3,DIR:20,KQUEUE:1,REG:34
 1417     30.0     34.0   4.09    9    58  0  0  CHR:3,DIR:20,KQUEUE:1,REG:34
 1447     35.0     34.0   4.22   13    58  0  0  CHR:3,DIR:20,KQUEUE:1,REG:34
 1477     33.4     34.0   4.09    9    58  0  0  CHR:3,DIR:20,KQUEUE:1,REG:34
 1507     33.6     35.0   5.05   13    58  0  0  CHR:3,DIR:20,KQUEUE:1,REG:34
 1537     33.6     36.0   3.25   11    58  0  0  CHR:3,DIR:20,KQUEUE:1,REG:34
 1568     33.3     36.0   1.96   11    58  0  0  CHR:3,DIR:20,KQUEUE:1,REG:34
 1598     31.7     34.0   3.58    9    58  0  0  CHR:3,DIR:20,KQUEUE:1,REG:34
 1628     34.7     35.0   4.68   12    58  0  0  CHR:3,DIR:20,KQUEUE:1,REG:34
 1658     28.7     33.0   3.12    9    58  0  0  CHR:3,DIR:20,KQUEUE:1,REG:34
 1688     30.2     34.0   2.65   10    58  0  0  CHR:3,DIR:20,KQUEUE:1,REG:34
 1718     13.2     33.0   0.70   10    59  0  0  CHR:3,DIR:20,KQUEUE:1,REG:35
 1749     11.7     33.0   1.59   11    59  0  0  CHR:3,DIR:20,KQUEUE:1,REG:35
 1779     26.0     34.0   1.66    9    59  0  0  CHR:3,DIR:20,KQUEUE:1,REG:35
 1809     31.3     34.0   3.15   11    58  0  0  CHR:3,DIR:20,KQUEUE:1,REG:34
 1840     15.1     34.0   1.29    8    60  0  0  CHR:3,DIR:20,KQUEUE:1,REG:36
 1870     19.9     34.0   1.49    9    58  0  0  CHR:3,DIR:20,KQUEUE:1,REG:34
 1900     26.8     34.0   1.64   12    58  0  0  CHR:3,DIR:20,KQUEUE:1,REG:34
 1931     18.9     34.0   0.86    9    58  0  0  CHR:3,DIR:20,KQUEUE:1,REG:34
 1961     28.2     34.0   1.69   11    58  0  0  CHR:3,DIR:20,KQUEUE:1,REG:34
 1991     35.4     34.0   2.45   12    58  0  0  CHR:3,DIR:20,KQUEUE:1,REG:34
 2021     34.1     34.0   3.95   11    59  0  0  CHR:3,DIR:20,KQUEUE:1,REG:35
 2051     33.4     34.0   3.05    9    58  0  0  CHR:3,DIR:20,KQUEUE:1,REG:34
 2081     35.3     35.0   5.75   12    58  0  0  CHR:3,DIR:20,KQUEUE:1,REG:34
 2112     34.8     35.0   2.72   13    58  0  0  CHR:3,DIR:20,KQUEUE:1,REG:34
# ---- 汇总 ----
# 采样 70 个；RSS 首 43.5 → 末 34.8 MB，最大 44.3 MB；预热 3 分钟后 RSS 斜率 -32.53 MB/小时
# 物理占用 首 29.0 → 末 35.0 MB，最大 36.0 MB；斜率 +4.19 MB/小时
# CPU 平均 3.08%，最大 5.85%（单核百分比）
# 文件句柄 首 58 → 末 58，最大 60；线程 首 11 → 末 13
# 线程数 首 11 → 末 13，最大 15；前 5 个采样的中位数 → 后 5 个采样的中位数：+1（> 8 算在涨）
# .key 句柄出现次数 0，.sock 句柄出现次数 0
# 崩溃报告（05:19:41 之后 ~/Library/Logs/DiagnosticReports 里的 Buddy*）：0 份 []
# 结果：✅ 进程一直在、线程数和句柄数没有增长、没有 .key / .sock 句柄、没有崩溃报告
