# 已装好的 App（真实数据，原样） pid=8520 开始 05:19:41，35 分钟，每 30 秒一行
# 秒  RSS(MB)  footprint(MB)  CPU%%  线程  句柄  .key  .sock  句柄类型
   30     19.7     30.0   0.43    8    54  0  0  CHR:3,DIR:16,KQUEUE:1,REG:34
   60     19.8     30.0   0.70    8    54  0  0  CHR:3,DIR:16,KQUEUE:1,REG:34
   90     20.2     30.0   0.40    8    54  0  0  CHR:3,DIR:16,KQUEUE:1,REG:34
  120     19.9     30.0   0.46    7    54  0  0  CHR:3,DIR:16,KQUEUE:1,REG:34
  150     19.2     30.0   0.50    7    54  0  0  CHR:3,DIR:16,KQUEUE:1,REG:34
  181     19.2     30.0   0.59    7    54  0  0  CHR:3,DIR:16,KQUEUE:1,REG:34
  211     17.9     30.0   0.26    7    54  0  0  CHR:3,DIR:16,KQUEUE:1,REG:34
  241     19.2     30.0   0.53    8    54  0  0  CHR:3,DIR:16,KQUEUE:1,REG:34
  271     20.4     30.0   0.70    8    54  0  0  CHR:3,DIR:16,KQUEUE:1,REG:34
  301     18.8     32.0   0.86    8    54  0  0  CHR:3,DIR:16,KQUEUE:1,REG:34
  332     20.0     32.0   0.53    8    54  0  0  CHR:3,DIR:16,KQUEUE:1,REG:34
  362     19.9     32.0   0.53    8    54  0  0  CHR:3,DIR:16,KQUEUE:1,REG:34
  392     19.5     32.0   0.60    8    54  0  0  CHR:3,DIR:16,KQUEUE:1,REG:34
  422     20.3     32.0   0.60    8    54  0  0  CHR:3,DIR:16,KQUEUE:1,REG:34
  452     21.8     33.0   0.93    8    54  0  0  CHR:3,DIR:16,KQUEUE:1,REG:34
  482     19.4     33.0   0.73    8    54  0  0  CHR:3,DIR:16,KQUEUE:1,REG:34
  512     18.7     33.0   0.70    8    54  0  0  CHR:3,DIR:16,KQUEUE:1,REG:34
  543     19.0     33.0   0.46    8    54  0  0  CHR:3,DIR:16,KQUEUE:1,REG:34
  573     17.0     33.0   0.46    7    54  0  0  CHR:3,DIR:16,KQUEUE:1,REG:34
  603     24.3     33.0   0.63    7    54  0  0  CHR:3,DIR:16,KQUEUE:1,REG:34
  633     20.1     33.0   0.80    7    54  0  0  CHR:3,DIR:16,KQUEUE:1,REG:34
  663     19.2     33.0   0.63    7    54  0  0  CHR:3,DIR:16,KQUEUE:1,REG:34
  693     18.7     33.0   0.70    7    54  0  0  CHR:3,DIR:16,KQUEUE:1,REG:34
  723     20.2     33.0   0.70    7    54  0  0  CHR:3,DIR:16,KQUEUE:1,REG:34
  753     19.6     33.0   0.73    7    54  0  0  CHR:3,DIR:16,KQUEUE:1,REG:34
  783     20.2     33.0   0.83    7    54  0  0  CHR:3,DIR:16,KQUEUE:1,REG:34
  814     18.0     29.0   0.50    8    54  0  0  CHR:3,DIR:16,KQUEUE:1,REG:34
  844     18.7     29.0   0.33    8    54  0  0  CHR:3,DIR:16,KQUEUE:1,REG:34
  874     17.4     29.0   0.33    7    54  0  0  CHR:3,DIR:16,KQUEUE:1,REG:34
  904     19.6     29.0   0.53    7    54  0  0  CHR:3,DIR:16,KQUEUE:1,REG:34
  934     18.5     29.0   0.83    7    54  0  0  CHR:3,DIR:16,KQUEUE:1,REG:34
  964     19.6     29.0   0.50    7    54  0  0  CHR:3,DIR:16,KQUEUE:1,REG:34
  994     17.6     29.0   0.47    8    54  0  0  CHR:3,DIR:16,KQUEUE:1,REG:34
 1024     17.6     29.0   0.27    7    54  0  0  CHR:3,DIR:16,KQUEUE:1,REG:34
 1055     19.0     29.0   0.43    7    54  0  0  CHR:3,DIR:16,KQUEUE:1,REG:34
 1085     17.4     29.0   0.86    7    54  0  0  CHR:3,DIR:16,KQUEUE:1,REG:34
 1115     18.4     29.0   0.33    8    54  0  0  CHR:3,DIR:16,KQUEUE:1,REG:34
 1145     12.5     29.0   0.23    8    54  0  0  CHR:3,DIR:16,KQUEUE:1,REG:34
 1175     17.5     29.0   0.40    8    54  0  0  CHR:3,DIR:16,KQUEUE:1,REG:34
 1206     16.8     29.0   0.36    8    54  0  0  CHR:3,DIR:16,KQUEUE:1,REG:34
 1236     17.5     29.0   0.36    8    54  0  0  CHR:3,DIR:16,KQUEUE:1,REG:34
 1266     18.6     29.0   0.43    8    54  0  0  CHR:3,DIR:16,KQUEUE:1,REG:34
 1296     15.3     29.0   0.46    8    54  0  0  CHR:3,DIR:16,KQUEUE:1,REG:34
 1327     17.3     29.0   0.56    8    54  0  0  CHR:3,DIR:16,KQUEUE:1,REG:34
 1357     17.2     29.0   0.50    8    54  0  0  CHR:3,DIR:16,KQUEUE:1,REG:34
 1387     17.6     29.0   0.50    8    54  0  0  CHR:3,DIR:16,KQUEUE:1,REG:34
 1417     17.9     29.0   0.60    8    54  0  0  CHR:3,DIR:16,KQUEUE:1,REG:34
 1447     17.0     29.0   0.73    8    54  0  0  CHR:3,DIR:16,KQUEUE:1,REG:34
 1477     17.5     29.0   0.53    8    54  0  0  CHR:3,DIR:16,KQUEUE:1,REG:34
 1507     16.9     29.0   0.66    8    54  0  0  CHR:3,DIR:16,KQUEUE:1,REG:34
 1537     18.3     29.0   0.37    8    54  0  0  CHR:3,DIR:16,KQUEUE:1,REG:34
 1568     17.2     29.0   0.27    7    54  0  0  CHR:3,DIR:16,KQUEUE:1,REG:34
 1598     18.1     29.0   0.60    8    54  0  0  CHR:3,DIR:16,KQUEUE:1,REG:34
 1628     18.1     29.0   0.70    8    54  0  0  CHR:3,DIR:16,KQUEUE:1,REG:34
 1658     18.1     29.0   0.50    7    54  0  0  CHR:3,DIR:16,KQUEUE:1,REG:34
 1688     16.9     29.0   0.36    8    54  0  0  CHR:3,DIR:16,KQUEUE:1,REG:34
 1718     12.8     29.0   0.23    7    54  0  0  CHR:3,DIR:16,KQUEUE:1,REG:34
 1749     10.2     29.0   0.10    8    55  0  0  CHR:3,DIR:16,KQUEUE:1,REG:35
 1779     12.8     29.0   0.36    8    55  0  0  CHR:3,DIR:17,KQUEUE:1,REG:34
 1809     15.6     29.0   0.43    8    54  0  0  CHR:3,DIR:16,KQUEUE:1,REG:34
 1840     10.8     29.0   0.17    8    54  0  0  CHR:3,DIR:16,KQUEUE:1,REG:34
 1870     12.1     29.0   0.33    8    54  0  0  CHR:3,DIR:16,KQUEUE:1,REG:34
 1900     13.2     29.0   0.30    9    54  0  0  CHR:3,DIR:16,KQUEUE:1,REG:34
 1931     12.7     29.0   0.33   10    54  0  0  CHR:3,DIR:16,KQUEUE:1,REG:34
 1961     13.0     29.0   0.46    9    54  0  0  CHR:3,DIR:16,KQUEUE:1,REG:34
 1991     16.0     29.0   0.66    8    54  0  0  CHR:3,DIR:16,KQUEUE:1,REG:34
 2021     15.1     29.0   0.53    8    54  0  0  CHR:3,DIR:16,KQUEUE:1,REG:34
 2051     15.2     29.0   0.43    8    54  0  0  CHR:3,DIR:16,KQUEUE:1,REG:34
 2081     20.4     30.0   1.00    8    54  0  0  CHR:3,DIR:16,KQUEUE:1,REG:34
 2112     20.8     30.0   1.10    8    54  0  0  CHR:3,DIR:16,KQUEUE:1,REG:34
# ---- 汇总 ----
# 采样 70 个；RSS 首 19.7 → 末 20.8 MB，最大 24.3 MB；预热 3 分钟后 RSS 斜率 -10.61 MB/小时
# 物理占用 首 30.0 → 末 30.0 MB，最大 33.0 MB；斜率 -6.72 MB/小时
# CPU 平均 0.53%，最大 1.10%（单核百分比）
# 文件句柄 首 54 → 末 54，最大 55；线程 首 8 → 末 8
# 线程数 首 8 → 末 8，最大 10；前 5 个采样的中位数 → 后 5 个采样的中位数：+0（> 8 算在涨）
# .key 句柄出现次数 0，.sock 句柄出现次数 0
# 崩溃报告（05:19:41 之后 ~/Library/Logs/DiagnosticReports 里的 Buddy*）：0 份 []
# 结果：✅ 进程一直在、线程数和句柄数没有增长、没有 .key / .sock 句柄、没有崩溃报告
