# replay 无提醒（同一个假 home，提醒 + 提示音全关） pid=3686 开始 05:48:14，5 分钟，每 20 秒一行
# 秒  RSS(MB)  footprint(MB)  CPU%  线程  句柄  .key  .sock  句柄类型
   20     22.0     24.0   2.74   10    59  0  0  CHR:3,DIR:20,KQUEUE:1,REG:35
   40     12.0     24.0   0.20    9    59  0  0  CHR:3,DIR:20,KQUEUE:1,REG:35
   60     18.8     27.0   0.69    8    58  0  0  CHR:3,DIR:20,KQUEUE:1,REG:34
   80     21.3     25.0   0.54    7    58  0  0  CHR:3,DIR:20,KQUEUE:1,REG:34
  101     21.5     25.0   0.79    6    58  0  0  CHR:3,DIR:20,KQUEUE:1,REG:34
  121     12.6     25.0   0.25    7    60  0  0  CHR:3,DIR:20,KQUEUE:1,REG:36
  141     10.6     25.0   0.10    7    59  0  0  CHR:3,DIR:20,KQUEUE:1,REG:35
  162     11.4     25.0   0.68    6    58  0  0  CHR:3,DIR:20,KQUEUE:1,REG:34
  182     16.4     27.0   0.25    6    58  0  0  CHR:3,DIR:20,KQUEUE:1,REG:34
  202     15.3     25.0   0.30    8    58  0  0  CHR:3,DIR:20,KQUEUE:1,REG:34
  223     16.6     25.0   0.35    6    58  0  0  CHR:3,DIR:20,KQUEUE:1,REG:34
  243     17.9     25.0   0.25    7    58  0  0  CHR:3,DIR:20,KQUEUE:1,REG:34
  263     18.8     25.0   0.40    6    58  0  0  CHR:3,DIR:20,KQUEUE:1,REG:34
  283     19.6     25.0   0.35    6    58  0  0  CHR:3,DIR:20,KQUEUE:1,REG:34
  303     19.3     25.0   0.30    6    58  0  0  CHR:3,DIR:20,KQUEUE:1,REG:34
# ---- 汇总 ----
# 采样 15 个；RSS 首 22.0 → 末 19.3 MB，最大 22.0 MB；预热 3 分钟后 RSS 斜率 +124.11 MB/小时
# 物理占用 首 24.0 → 末 25.0 MB，最大 27.0 MB；斜率 -38.34 MB/小时
# CPU 平均 0.54%，最大 2.74%（单核百分比，含启动期）
# 文件句柄 首 59 → 末 58，最大 60；线程 首 10 → 末 6
# CPU 预热 3 分钟后：平均 0.31%，中位 0.30%，P95 0.40%，最大 0.40%（7 个采样）
# RSS 预算 ≤80 MB（预热后最大 19.6 MB，均值 17.7 MB；全程最大 22.0 MB）：✅
# 线程数 首 10 → 末 6，最大 10；前 5 个采样的中位数 → 后 5 个采样的中位数：-2（> 8 算在涨）
# .key 句柄出现次数 0，.sock 句柄出现次数 0
# 崩溃报告（05:48:14 之后 ~/Library/Logs/DiagnosticReports 里的 Buddy*）：0 份 []
# 结果：✅ 进程一直在、线程数和句柄数没有增长、内存没有增长、CPU / RSS 在预算内、没有 .key / .sock 句柄、没有崩溃报告
