token 交叉核对（root=real-home）
  · 已冻结 46 个文件的当前内容（去掉了全部对话内容）；两边都只读到冻结的大小
pid 35991  sid 20c4bcc8  文件 31（子代理 30）
   独立实现    输入/输出/缓存写/缓存读=合计 : 11842/10213755/26752857/2796966845=2833945299  消息 5919
   用量表 parse_line + 合并规则          : 11842/10213755/26752857/2796966845=2833945299  消息 5919   → 一致
   ledger.json 无法逐文件对照（30/31 个文件有登记；有 prior 会话的组每次重扫、不写断点）
   dump 的 token 列                        : 11842/10213755/26752857/2796966845=2833945299  消息 5919   → 一致
   dump 表格里的 token 列（缩写）           : 2.83B   → 一致
pid 65995  sid d95629cf  文件 5（子代理 4）
   独立实现    输入/输出/缓存写/缓存读=合计 : 446/369189/1396978/31362169=33128782  消息 204
   用量表 parse_line + 合并规则          : 446/369189/1396978/31362169=33128782  消息 204   → 一致
   ledger.json 读到 offset 为止 独立实现 : 446/369189/1396978/31362169=33128782
               ledger.json 记录            : 446/369189/1396978/31362169=33128782  消息 204   → 一致
   dump 的 token 列                        : 446/369189/1396978/31362169=33128782  消息 204   → 一致
   dump 表格里的 token 列（缩写）           : 33.1M   → 一致
pid 74043  sid f0139ce1  文件 1（子代理 0）
   独立实现    输入/输出/缓存写/缓存读=合计 : 419/269326/467455/43815502=44552702  消息 144
   用量表 parse_line + 合并规则          : 419/269326/467455/43815502=44552702  消息 144   → 一致
   ledger.json 读到 offset 为止 独立实现 : 419/269326/467455/43815502=44552702
               ledger.json 记录            : 419/269326/467455/43815502=44552702  消息 144   → 一致
   dump 的 token 列                        : 419/269326/467455/43815502=44552702  消息 144   → 一致
   dump 表格里的 token 列（缩写）           : 44.6M   → 一致
pid 95474  sid 711c9a9c  文件 9（子代理 8）
   独立实现    输入/输出/缓存写/缓存读=合计 : 132/148899/490946/5665435=6305412  消息 64
   用量表 parse_line + 合并规则          : 132/148899/490946/5665435=6305412  消息 64   → 一致
   ledger.json 读到 offset 为止 独立实现 : 132/148899/490946/5665435=6305412
               ledger.json 记录            : 132/148899/490946/5665435=6305412  消息 64   → 一致
   dump 的 token 列                        : 132/148899/490946/5665435=6305412  消息 64   → 一致
   dump 表格里的 token 列（缩写）           : 6.3M   → 一致
结论：全部一致
