✓ [office] 12:00 demo 224x226：1801 帧逐像素一致
✓ [office] 12:00 demo 224x340：1801 帧逐像素一致
✓ [office] 12:00 demo 340x300：1801 帧逐像素一致
✓ [office] 12:00 busy6 224x226：1801 帧逐像素一致
✓ [office] 12:00 busy6 224x340：1801 帧逐像素一致
✓ [office] 12:00 busy6 340x300：1801 帧逐像素一致
✓ [office] 12:00 idle6 224x226：1801 帧逐像素一致
✓ [office] 12:00 idle6 224x340：1801 帧逐像素一致
✓ [office] 12:00 idle6 340x300：1801 帧逐像素一致
✓ [office] 12:00 crowd12 224x226：1801 帧逐像素一致
✓ [office] 12:00 crowd12 224x340：1801 帧逐像素一致
✓ [office] 12:00 crowd12 340x300：1801 帧逐像素一致
✓ [office] 22:30 demo 224x226：1801 帧逐像素一致
✓ [office] 22:30 demo 224x340：1801 帧逐像素一致
✓ [office] 22:30 demo 340x300：1801 帧逐像素一致
✓ [office] 22:30 busy6 224x226：1801 帧逐像素一致
✓ [office] 22:30 busy6 224x340：1801 帧逐像素一致
✓ [office] 22:30 busy6 340x300：1801 帧逐像素一致
✓ [office] 22:30 idle6 224x226：1801 帧逐像素一致
✓ [office] 22:30 idle6 224x340：1801 帧逐像素一致
✓ [office] 22:30 idle6 340x300：1801 帧逐像素一致
✓ [office] 22:30 crowd12 224x226：1801 帧逐像素一致
✓ [office] 22:30 crowd12 224x340：1801 帧逐像素一致
✓ [office] 22:30 crowd12 340x300：1801 帧逐像素一致
✓ [office] 06:50 demo 224x226：1801 帧逐像素一致
✓ [office] 06:50 demo 224x340：1801 帧逐像素一致
✓ [office] 06:50 demo 340x300：1801 帧逐像素一致
✓ [office] 06:50 busy6 224x226：1801 帧逐像素一致
✓ [office] 06:50 busy6 224x340：1801 帧逐像素一致
✓ [office] 06:50 busy6 340x300：1801 帧逐像素一致
✓ [office] 06:50 idle6 224x226：1801 帧逐像素一致
✓ [office] 06:50 idle6 224x340：1801 帧逐像素一致
✓ [office] 06:50 idle6 340x300：1801 帧逐像素一致
✓ [office] 06:50 crowd12 224x226：1801 帧逐像素一致
✓ [office] 06:50 crowd12 224x340：1801 帧逐像素一致
✓ [office] 06:50 crowd12 340x300：1801 帧逐像素一致
✓ [office] 18:55 demo 224x226：1801 帧逐像素一致
✓ [office] 18:55 demo 224x340：1801 帧逐像素一致
✓ [office] 18:55 demo 340x300：1801 帧逐像素一致
✓ [office] 18:55 busy6 224x226：1801 帧逐像素一致
✓ [office] 18:55 busy6 224x340：1801 帧逐像素一致
✓ [office] 18:55 busy6 340x300：1801 帧逐像素一致
✓ [office] 18:55 idle6 224x226：1801 帧逐像素一致
✓ [office] 18:55 idle6 224x340：1801 帧逐像素一致
✓ [office] 18:55 idle6 340x300：1801 帧逐像素一致
✓ [office] 18:55 crowd12 224x226：1801 帧逐像素一致
✓ [office] 18:55 crowd12 224x340：1801 帧逐像素一致
✓ [office] 18:55 crowd12 340x300：1801 帧逐像素一致
verify: 86448 对帧，其中 25020 帧局部重绘判定「没变」直接跳过；全部一致 ✅
