replay_soak 开始 root=/private/tmp/bosoak/home2 sessions=8 minutes=37.0 pid=53044
[   0s] {"registry_writes": 0, "hook_events": 0, "transcript_lines": 0, "garbage_lines": 0, "huge_lines": 0, "sessions_started": 0, "sessions_killed": 0, "resumes": 0, "clears": 0, "honeypot_key_opened": 0, "honeypot_sock_connected": 0} violations=0
[  30s] {"registry_writes": 17, "hook_events": 60, "transcript_lines": 42, "garbage_lines": 1, "huge_lines": 0, "sessions_started": 8, "sessions_killed": 0, "resumes": 0, "clears": 2, "honeypot_key_opened": 0, "honeypot_sock_connected": 0} violations=0
[  60s] {"registry_writes": 26, "hook_events": 150, "transcript_lines": 87, "garbage_lines": 2, "huge_lines": 0, "sessions_started": 8, "sessions_killed": 0, "resumes": 0, "clears": 2, "honeypot_key_opened": 0, "honeypot_sock_connected": 0} violations=0
[  90s] {"registry_writes": 34, "hook_events": 193, "transcript_lines": 111, "garbage_lines": 3, "huge_lines": 0, "sessions_started": 8, "sessions_killed": 0, "resumes": 0, "clears": 2, "honeypot_key_opened": 0, "honeypot_sock_connected": 0} violations=0
[ 120s] {"registry_writes": 42, "hook_events": 238, "transcript_lines": 136, "garbage_lines": 3, "huge_lines": 0, "sessions_started": 8, "sessions_killed": 0, "resumes": 0, "clears": 2, "honeypot_key_opened": 0, "honeypot_sock_connected": 0} violations=0
[ 150s] {"registry_writes": 49, "hook_events": 312, "transcript_lines": 173, "garbage_lines": 3, "huge_lines": 0, "sessions_started": 8, "sessions_killed": 0, "resumes": 0, "clears": 2, "honeypot_key_opened": 0, "honeypot_sock_connected": 0} violations=0
[ 180s] {"registry_writes": 57, "hook_events": 373, "transcript_lines": 204, "garbage_lines": 3, "huge_lines": 0, "sessions_started": 8, "sessions_killed": 0, "resumes": 0, "clears": 2, "honeypot_key_opened": 0, "honeypot_sock_connected": 0} violations=0
[ 210s] {"registry_writes": 69, "hook_events": 450, "transcript_lines": 245, "garbage_lines": 7, "huge_lines": 0, "sessions_started": 8, "sessions_killed": 0, "resumes": 0, "clears": 2, "honeypot_key_opened": 0, "honeypot_sock_connected": 0} violations=0
[ 240s] {"registry_writes": 79, "hook_events": 518, "transcript_lines": 279, "garbage_lines": 8, "huge_lines": 0, "sessions_started": 8, "sessions_killed": 0, "resumes": 0, "clears": 2, "honeypot_key_opened": 0, "honeypot_sock_connected": 0} violations=0
[ 270s] {"registry_writes": 92, "hook_events": 580, "transcript_lines": 310, "garbage_lines": 8, "huge_lines": 0, "sessions_started": 8, "sessions_killed": 0, "resumes": 0, "clears": 2, "honeypot_key_opened": 0, "honeypot_sock_connected": 0} violations=0
[ 300s] {"registry_writes": 103, "hook_events": 660, "transcript_lines": 349, "garbage_lines": 9, "huge_lines": 0, "sessions_started": 8, "sessions_killed": 0, "resumes": 0, "clears": 2, "honeypot_key_opened": 0, "honeypot_sock_connected": 0} violations=0
[ 330s] {"registry_writes": 111, "hook_events": 727, "transcript_lines": 384, "garbage_lines": 9, "huge_lines": 0, "sessions_started": 8, "sessions_killed": 0, "resumes": 0, "clears": 2, "honeypot_key_opened": 0, "honeypot_sock_connected": 0} violations=0
[ 360s] {"registry_writes": 116, "hook_events": 765, "transcript_lines": 405, "garbage_lines": 11, "huge_lines": 0, "sessions_started": 8, "sessions_killed": 0, "resumes": 0, "clears": 2, "honeypot_key_opened": 0, "honeypot_sock_connected": 0} violations=0
[ 390s] {"registry_writes": 124, "hook_events": 828, "transcript_lines": 439, "garbage_lines": 11, "huge_lines": 0, "sessions_started": 8, "sessions_killed": 0, "resumes": 0, "clears": 2, "honeypot_key_opened": 0, "honeypot_sock_connected": 0} violations=0
[ 420s] {"registry_writes": 127, "hook_events": 887, "transcript_lines": 469, "garbage_lines": 11, "huge_lines": 0, "sessions_started": 8, "sessions_killed": 1, "resumes": 0, "clears": 2, "honeypot_key_opened": 0, "honeypot_sock_connected": 0} violations=0
[ 450s] {"registry_writes": 132, "hook_events": 945, "transcript_lines": 501, "garbage_lines": 12, "huge_lines": 1, "sessions_started": 9, "sessions_killed": 1, "resumes": 1, "clears": 2, "honeypot_key_opened": 0, "honeypot_sock_connected": 0} violations=0
[ 480s] {"registry_writes": 138, "hook_events": 1003, "transcript_lines": 531, "garbage_lines": 12, "huge_lines": 1, "sessions_started": 9, "sessions_killed": 1, "resumes": 1, "clears": 2, "honeypot_key_opened": 0, "honeypot_sock_connected": 0} violations=0
[ 510s] {"registry_writes": 147, "hook_events": 1036, "transcript_lines": 550, "garbage_lines": 12, "huge_lines": 1, "sessions_started": 9, "sessions_killed": 1, "resumes": 1, "clears": 2, "honeypot_key_opened": 0, "honeypot_sock_connected": 0} violations=0
[ 540s] {"registry_writes": 155, "hook_events": 1079, "transcript_lines": 573, "garbage_lines": 13, "huge_lines": 1, "sessions_started": 9, "sessions_killed": 2, "resumes": 1, "clears": 2, "honeypot_key_opened": 0, "honeypot_sock_connected": 0} violations=0
[ 570s] {"registry_writes": 161, "hook_events": 1129, "transcript_lines": 598, "garbage_lines": 14, "huge_lines": 1, "sessions_started": 9, "sessions_killed": 2, "resumes": 1, "clears": 2, "honeypot_key_opened": 0, "honeypot_sock_connected": 0} violations=0
[ 600s] {"registry_writes": 173, "hook_events": 1188, "transcript_lines": 629, "garbage_lines": 14, "huge_lines": 1, "sessions_started": 10, "sessions_killed": 2, "resumes": 1, "clears": 2, "honeypot_key_opened": 0, "honeypot_sock_connected": 0} violations=0
[ 630s] {"registry_writes": 181, "hook_events": 1251, "transcript_lines": 662, "garbage_lines": 15, "huge_lines": 1, "sessions_started": 10, "sessions_killed": 2, "resumes": 1, "clears": 2, "honeypot_key_opened": 0, "honeypot_sock_connected": 0} violations=0
[ 660s] {"registry_writes": 188, "hook_events": 1293, "transcript_lines": 684, "garbage_lines": 16, "huge_lines": 1, "sessions_started": 10, "sessions_killed": 3, "resumes": 1, "clears": 2, "honeypot_key_opened": 0, "honeypot_sock_connected": 0} violations=0
[ 690s] {"registry_writes": 194, "hook_events": 1352, "transcript_lines": 716, "garbage_lines": 18, "huge_lines": 1, "sessions_started": 10, "sessions_killed": 4, "resumes": 1, "clears": 2, "honeypot_key_opened": 0, "honeypot_sock_connected": 0} violations=0
[ 720s] {"registry_writes": 201, "hook_events": 1377, "transcript_lines": 731, "garbage_lines": 18, "huge_lines": 1, "sessions_started": 11, "sessions_killed": 5, "resumes": 2, "clears": 2, "honeypot_key_opened": 0, "honeypot_sock_connected": 0} violations=0
[ 750s] {"registry_writes": 206, "hook_events": 1411, "transcript_lines": 750, "garbage_lines": 18, "huge_lines": 1, "sessions_started": 12, "sessions_killed": 8, "resumes": 3, "clears": 3, "honeypot_key_opened": 0, "honeypot_sock_connected": 0} violations=0
[ 780s] {"registry_writes": 215, "hook_events": 1474, "transcript_lines": 786, "garbage_lines": 19, "huge_lines": 1, "sessions_started": 15, "sessions_killed": 8, "resumes": 5, "clears": 3, "honeypot_key_opened": 0, "honeypot_sock_connected": 0} violations=0
[ 810s] {"registry_writes": 226, "hook_events": 1548, "transcript_lines": 824, "garbage_lines": 19, "huge_lines": 1, "sessions_started": 16, "sessions_killed": 8, "resumes": 6, "clears": 3, "honeypot_key_opened": 0, "honeypot_sock_connected": 0} violations=0
[ 840s] {"registry_writes": 236, "hook_events": 1608, "transcript_lines": 855, "garbage_lines": 21, "huge_lines": 1, "sessions_started": 16, "sessions_killed": 8, "resumes": 6, "clears": 3, "honeypot_key_opened": 0, "honeypot_sock_connected": 0} violations=0
[ 871s] {"registry_writes": 243, "hook_events": 1664, "transcript_lines": 886, "garbage_lines": 23, "huge_lines": 1, "sessions_started": 16, "sessions_killed": 8, "resumes": 6, "clears": 3, "honeypot_key_opened": 0, "honeypot_sock_connected": 0} violations=0
[ 901s] {"registry_writes": 254, "hook_events": 1719, "transcript_lines": 915, "garbage_lines": 23, "huge_lines": 1, "sessions_started": 16, "sessions_killed": 8, "resumes": 6, "clears": 3, "honeypot_key_opened": 0, "honeypot_sock_connected": 0} violations=0
[ 931s] {"registry_writes": 263, "hook_events": 1786, "transcript_lines": 952, "garbage_lines": 24, "huge_lines": 1, "sessions_started": 16, "sessions_killed": 8, "resumes": 6, "clears": 3, "honeypot_key_opened": 0, "honeypot_sock_connected": 0} violations=0
[ 961s] {"registry_writes": 274, "hook_events": 1843, "transcript_lines": 982, "garbage_lines": 25, "huge_lines": 1, "sessions_started": 16, "sessions_killed": 8, "resumes": 6, "clears": 3, "honeypot_key_opened": 0, "honeypot_sock_connected": 0} violations=0
[ 991s] {"registry_writes": 284, "hook_events": 1906, "transcript_lines": 1015, "garbage_lines": 26, "huge_lines": 1, "sessions_started": 16, "sessions_killed": 9, "resumes": 6, "clears": 3, "honeypot_key_opened": 0, "honeypot_sock_connected": 0} violations=0
[1021s] {"registry_writes": 297, "hook_events": 1963, "transcript_lines": 1044, "garbage_lines": 27, "huge_lines": 1, "sessions_started": 17, "sessions_killed": 9, "resumes": 6, "clears": 3, "honeypot_key_opened": 0, "honeypot_sock_connected": 0} violations=0
[1051s] {"registry_writes": 308, "hook_events": 2026, "transcript_lines": 1076, "garbage_lines": 29, "huge_lines": 1, "sessions_started": 17, "sessions_killed": 9, "resumes": 6, "clears": 3, "honeypot_key_opened": 0, "honeypot_sock_connected": 0} violations=0
[1081s] {"registry_writes": 315, "hook_events": 2086, "transcript_lines": 1107, "garbage_lines": 29, "huge_lines": 1, "sessions_started": 17, "sessions_killed": 9, "resumes": 6, "clears": 3, "honeypot_key_opened": 0, "honeypot_sock_connected": 0} violations=0
[1111s] {"registry_writes": 327, "hook_events": 2146, "transcript_lines": 1137, "garbage_lines": 30, "huge_lines": 1, "sessions_started": 17, "sessions_killed": 9, "resumes": 6, "clears": 3, "honeypot_key_opened": 0, "honeypot_sock_connected": 0} violations=0
[1141s] {"registry_writes": 333, "hook_events": 2196, "transcript_lines": 1163, "garbage_lines": 30, "huge_lines": 1, "sessions_started": 17, "sessions_killed": 9, "resumes": 6, "clears": 3, "honeypot_key_opened": 0, "honeypot_sock_connected": 0} violations=0
[1171s] {"registry_writes": 341, "hook_events": 2254, "transcript_lines": 1195, "garbage_lines": 30, "huge_lines": 1, "sessions_started": 17, "sessions_killed": 9, "resumes": 6, "clears": 3, "honeypot_key_opened": 0, "honeypot_sock_connected": 0} violations=0
[1201s] {"registry_writes": 354, "hook_events": 2327, "transcript_lines": 1234, "garbage_lines": 31, "huge_lines": 1, "sessions_started": 17, "sessions_killed": 9, "resumes": 6, "clears": 3, "honeypot_key_opened": 0, "honeypot_sock_connected": 0} violations=0
[1231s] {"registry_writes": 360, "hook_events": 2396, "transcript_lines": 1268, "garbage_lines": 32, "huge_lines": 1, "sessions_started": 17, "sessions_killed": 9, "resumes": 6, "clears": 3, "honeypot_key_opened": 0, "honeypot_sock_connected": 0} violations=0
[1261s] {"registry_writes": 368, "hook_events": 2466, "transcript_lines": 1305, "garbage_lines": 33, "huge_lines": 1, "sessions_started": 17, "sessions_killed": 9, "resumes": 6, "clears": 3, "honeypot_key_opened": 0, "honeypot_sock_connected": 0} violations=0
[1291s] {"registry_writes": 380, "hook_events": 2537, "transcript_lines": 1342, "garbage_lines": 35, "huge_lines": 1, "sessions_started": 17, "sessions_killed": 9, "resumes": 6, "clears": 3, "honeypot_key_opened": 0, "honeypot_sock_connected": 0} violations=0
[1321s] {"registry_writes": 388, "hook_events": 2594, "transcript_lines": 1369, "garbage_lines": 37, "huge_lines": 1, "sessions_started": 17, "sessions_killed": 10, "resumes": 6, "clears": 3, "honeypot_key_opened": 0, "honeypot_sock_connected": 0} violations=0
[1351s] {"registry_writes": 396, "hook_events": 2653, "transcript_lines": 1401, "garbage_lines": 37, "huge_lines": 1, "sessions_started": 18, "sessions_killed": 11, "resumes": 7, "clears": 4, "honeypot_key_opened": 0, "honeypot_sock_connected": 0} violations=0
[1381s] {"registry_writes": 403, "hook_events": 2706, "transcript_lines": 1430, "garbage_lines": 38, "huge_lines": 1, "sessions_started": 19, "sessions_killed": 12, "resumes": 8, "clears": 5, "honeypot_key_opened": 0, "honeypot_sock_connected": 0} violations=0
[1411s] {"registry_writes": 412, "hook_events": 2763, "transcript_lines": 1461, "garbage_lines": 40, "huge_lines": 1, "sessions_started": 20, "sessions_killed": 13, "resumes": 8, "clears": 5, "honeypot_key_opened": 0, "honeypot_sock_connected": 0} violations=0
[1441s] {"registry_writes": 416, "hook_events": 2822, "transcript_lines": 1492, "garbage_lines": 40, "huge_lines": 1, "sessions_started": 20, "sessions_killed": 14, "resumes": 8, "clears": 5, "honeypot_key_opened": 0, "honeypot_sock_connected": 0} violations=0
[1471s] {"registry_writes": 421, "hook_events": 2863, "transcript_lines": 1514, "garbage_lines": 40, "huge_lines": 1, "sessions_started": 20, "sessions_killed": 14, "resumes": 8, "clears": 5, "honeypot_key_opened": 0, "honeypot_sock_connected": 0} violations=0
[1501s] {"registry_writes": 426, "hook_events": 2922, "transcript_lines": 1547, "garbage_lines": 41, "huge_lines": 1, "sessions_started": 22, "sessions_killed": 15, "resumes": 10, "clears": 6, "honeypot_key_opened": 0, "honeypot_sock_connected": 0} violations=0
[1531s] {"registry_writes": 433, "hook_events": 2976, "transcript_lines": 1578, "garbage_lines": 46, "huge_lines": 1, "sessions_started": 23, "sessions_killed": 16, "resumes": 11, "clears": 6, "honeypot_key_opened": 0, "honeypot_sock_connected": 0} violations=0
[1561s] {"registry_writes": 437, "hook_events": 3034, "transcript_lines": 1609, "garbage_lines": 46, "huge_lines": 1, "sessions_started": 23, "sessions_killed": 16, "resumes": 11, "clears": 6, "honeypot_key_opened": 0, "honeypot_sock_connected": 0} violations=0
[1591s] {"registry_writes": 447, "hook_events": 3119, "transcript_lines": 1652, "garbage_lines": 48, "huge_lines": 1, "sessions_started": 24, "sessions_killed": 16, "resumes": 12, "clears": 6, "honeypot_key_opened": 0, "honeypot_sock_connected": 0} violations=0
[1621s] {"registry_writes": 458, "hook_events": 3188, "transcript_lines": 1687, "garbage_lines": 48, "huge_lines": 1, "sessions_started": 24, "sessions_killed": 16, "resumes": 12, "clears": 6, "honeypot_key_opened": 0, "honeypot_sock_connected": 0} violations=0
[1651s] {"registry_writes": 465, "hook_events": 3221, "transcript_lines": 1705, "garbage_lines": 48, "huge_lines": 1, "sessions_started": 24, "sessions_killed": 16, "resumes": 12, "clears": 6, "honeypot_key_opened": 0, "honeypot_sock_connected": 0} violations=0
[1681s] {"registry_writes": 471, "hook_events": 3279, "transcript_lines": 1737, "garbage_lines": 48, "huge_lines": 1, "sessions_started": 24, "sessions_killed": 16, "resumes": 12, "clears": 6, "honeypot_key_opened": 0, "honeypot_sock_connected": 0} violations=0
[1711s] {"registry_writes": 475, "hook_events": 3338, "transcript_lines": 1768, "garbage_lines": 50, "huge_lines": 1, "sessions_started": 24, "sessions_killed": 16, "resumes": 12, "clears": 6, "honeypot_key_opened": 0, "honeypot_sock_connected": 0} violations=0
[1741s] {"registry_writes": 483, "hook_events": 3413, "transcript_lines": 1807, "garbage_lines": 50, "huge_lines": 1, "sessions_started": 24, "sessions_killed": 16, "resumes": 12, "clears": 6, "honeypot_key_opened": 0, "honeypot_sock_connected": 0} violations=0
[1771s] {"registry_writes": 486, "hook_events": 3486, "transcript_lines": 1845, "garbage_lines": 51, "huge_lines": 1, "sessions_started": 24, "sessions_killed": 16, "resumes": 12, "clears": 6, "honeypot_key_opened": 0, "honeypot_sock_connected": 0} violations=0
[1801s] {"registry_writes": 489, "hook_events": 3539, "transcript_lines": 1873, "garbage_lines": 54, "huge_lines": 1, "sessions_started": 24, "sessions_killed": 17, "resumes": 12, "clears": 6, "honeypot_key_opened": 0, "honeypot_sock_connected": 0} violations=0
[1832s] {"registry_writes": 496, "hook_events": 3598, "transcript_lines": 1905, "garbage_lines": 55, "huge_lines": 1, "sessions_started": 25, "sessions_killed": 17, "resumes": 12, "clears": 6, "honeypot_key_opened": 0, "honeypot_sock_connected": 0} violations=0
[1862s] {"registry_writes": 507, "hook_events": 3663, "transcript_lines": 1938, "garbage_lines": 55, "huge_lines": 1, "sessions_started": 25, "sessions_killed": 17, "resumes": 12, "clears": 6, "honeypot_key_opened": 0, "honeypot_sock_connected": 0} violations=0
[1892s] {"registry_writes": 517, "hook_events": 3730, "transcript_lines": 1972, "garbage_lines": 55, "huge_lines": 1, "sessions_started": 25, "sessions_killed": 17, "resumes": 12, "clears": 6, "honeypot_key_opened": 0, "honeypot_sock_connected": 0} violations=0
[1922s] {"registry_writes": 522, "hook_events": 3785, "transcript_lines": 1999, "garbage_lines": 55, "huge_lines": 1, "sessions_started": 25, "sessions_killed": 17, "resumes": 12, "clears": 6, "honeypot_key_opened": 0, "honeypot_sock_connected": 0} violations=0
[1952s] {"registry_writes": 532, "hook_events": 3867, "transcript_lines": 2043, "garbage_lines": 56, "huge_lines": 1, "sessions_started": 25, "sessions_killed": 17, "resumes": 12, "clears": 6, "honeypot_key_opened": 0, "honeypot_sock_connected": 0} violations=0
[1982s] {"registry_writes": 538, "hook_events": 3919, "transcript_lines": 2070, "garbage_lines": 58, "huge_lines": 1, "sessions_started": 25, "sessions_killed": 18, "resumes": 12, "clears": 6, "honeypot_key_opened": 0, "honeypot_sock_connected": 0} violations=0
[2012s] {"registry_writes": 547, "hook_events": 3974, "transcript_lines": 2099, "garbage_lines": 59, "huge_lines": 1, "sessions_started": 25, "sessions_killed": 18, "resumes": 12, "clears": 6, "honeypot_key_opened": 0, "honeypot_sock_connected": 0} violations=0
[2042s] {"registry_writes": 557, "hook_events": 4039, "transcript_lines": 2134, "garbage_lines": 60, "huge_lines": 2, "sessions_started": 26, "sessions_killed": 18, "resumes": 13, "clears": 6, "honeypot_key_opened": 0, "honeypot_sock_connected": 0} violations=0
[2072s] {"registry_writes": 565, "hook_events": 4101, "transcript_lines": 2165, "garbage_lines": 60, "huge_lines": 2, "sessions_started": 26, "sessions_killed": 18, "resumes": 13, "clears": 6, "honeypot_key_opened": 0, "honeypot_sock_connected": 0} violations=0
[2102s] {"registry_writes": 574, "hook_events": 4155, "transcript_lines": 2194, "garbage_lines": 60, "huge_lines": 2, "sessions_started": 26, "sessions_killed": 18, "resumes": 13, "clears": 6, "honeypot_key_opened": 0, "honeypot_sock_connected": 0} violations=0
[2132s] {"registry_writes": 580, "hook_events": 4211, "transcript_lines": 2224, "garbage_lines": 61, "huge_lines": 2, "sessions_started": 26, "sessions_killed": 19, "resumes": 13, "clears": 6, "honeypot_key_opened": 0, "honeypot_sock_connected": 0} violations=0
replay_soak 结束：{"seconds": 2139.809688091278, "counters": {"registry_writes": 581, "hook_events": 4226, "transcript_lines": 2232, "garbage_lines": 61, "huge_lines": 2, "sessions_started": 26, "sessions_killed": 19, "resumes": 13, "clears": 6, "honeypot_key_opened": 0, "honeypot_sock_connected": 0}, "violations": []}
