replay_soak 开始 root=/private/tmp/bosoak/home sessions=6 minutes=37.0 pid=53043
[   0s] {"registry_writes": 0, "hook_events": 0, "transcript_lines": 0, "garbage_lines": 0, "huge_lines": 0, "sessions_started": 0, "sessions_killed": 0, "resumes": 0, "clears": 0, "honeypot_key_opened": 0, "honeypot_sock_connected": 0} violations=0
[  30s] {"registry_writes": 12, "hook_events": 64, "transcript_lines": 41, "garbage_lines": 1, "huge_lines": 0, "sessions_started": 6, "sessions_killed": 0, "resumes": 0, "clears": 2, "honeypot_key_opened": 0, "honeypot_sock_connected": 0} violations=0
[  60s] {"registry_writes": 12, "hook_events": 134, "transcript_lines": 76, "garbage_lines": 1, "huge_lines": 0, "sessions_started": 6, "sessions_killed": 0, "resumes": 0, "clears": 2, "honeypot_key_opened": 0, "honeypot_sock_connected": 0} violations=0
[  90s] {"registry_writes": 13, "hook_events": 206, "transcript_lines": 112, "garbage_lines": 1, "huge_lines": 0, "sessions_started": 6, "sessions_killed": 0, "resumes": 0, "clears": 2, "honeypot_key_opened": 0, "honeypot_sock_connected": 0} violations=0
[ 120s] {"registry_writes": 14, "hook_events": 279, "transcript_lines": 148, "garbage_lines": 1, "huge_lines": 0, "sessions_started": 6, "sessions_killed": 0, "resumes": 0, "clears": 2, "honeypot_key_opened": 0, "honeypot_sock_connected": 0} violations=0
[ 150s] {"registry_writes": 20, "hook_events": 337, "transcript_lines": 177, "garbage_lines": 1, "huge_lines": 0, "sessions_started": 6, "sessions_killed": 0, "resumes": 0, "clears": 2, "honeypot_key_opened": 0, "honeypot_sock_connected": 0} violations=0
[ 180s] {"registry_writes": 21, "hook_events": 382, "transcript_lines": 200, "garbage_lines": 1, "huge_lines": 0, "sessions_started": 6, "sessions_killed": 0, "resumes": 0, "clears": 2, "honeypot_key_opened": 0, "honeypot_sock_connected": 0} violations=0
[ 210s] {"registry_writes": 21, "hook_events": 416, "transcript_lines": 217, "garbage_lines": 1, "huge_lines": 0, "sessions_started": 6, "sessions_killed": 0, "resumes": 0, "clears": 2, "honeypot_key_opened": 0, "honeypot_sock_connected": 0} violations=0
[ 240s] {"registry_writes": 24, "hook_events": 461, "transcript_lines": 241, "garbage_lines": 1, "huge_lines": 0, "sessions_started": 6, "sessions_killed": 0, "resumes": 0, "clears": 2, "honeypot_key_opened": 0, "honeypot_sock_connected": 0} violations=0
[ 270s] {"registry_writes": 25, "hook_events": 474, "transcript_lines": 248, "garbage_lines": 1, "huge_lines": 0, "sessions_started": 6, "sessions_killed": 0, "resumes": 0, "clears": 2, "honeypot_key_opened": 0, "honeypot_sock_connected": 0} violations=0
[ 300s] {"registry_writes": 26, "hook_events": 491, "transcript_lines": 257, "garbage_lines": 1, "huge_lines": 0, "sessions_started": 6, "sessions_killed": 0, "resumes": 0, "clears": 2, "honeypot_key_opened": 0, "honeypot_sock_connected": 0} violations=0
[ 330s] {"registry_writes": 29, "hook_events": 540, "transcript_lines": 283, "garbage_lines": 2, "huge_lines": 0, "sessions_started": 6, "sessions_killed": 0, "resumes": 0, "clears": 2, "honeypot_key_opened": 0, "honeypot_sock_connected": 0} violations=0
[ 360s] {"registry_writes": 29, "hook_events": 604, "transcript_lines": 315, "garbage_lines": 2, "huge_lines": 0, "sessions_started": 6, "sessions_killed": 0, "resumes": 0, "clears": 2, "honeypot_key_opened": 0, "honeypot_sock_connected": 0} violations=0
[ 390s] {"registry_writes": 30, "hook_events": 669, "transcript_lines": 348, "garbage_lines": 2, "huge_lines": 0, "sessions_started": 6, "sessions_killed": 0, "resumes": 0, "clears": 2, "honeypot_key_opened": 0, "honeypot_sock_connected": 0} violations=0
[ 420s] {"registry_writes": 33, "hook_events": 732, "transcript_lines": 379, "garbage_lines": 3, "huge_lines": 0, "sessions_started": 6, "sessions_killed": 0, "resumes": 0, "clears": 2, "honeypot_key_opened": 0, "honeypot_sock_connected": 0} violations=0
[ 450s] {"registry_writes": 36, "hook_events": 771, "transcript_lines": 399, "garbage_lines": 3, "huge_lines": 0, "sessions_started": 6, "sessions_killed": 0, "resumes": 0, "clears": 2, "honeypot_key_opened": 0, "honeypot_sock_connected": 0} violations=0
[ 480s] {"registry_writes": 36, "hook_events": 819, "transcript_lines": 423, "garbage_lines": 3, "huge_lines": 0, "sessions_started": 6, "sessions_killed": 0, "resumes": 0, "clears": 2, "honeypot_key_opened": 0, "honeypot_sock_connected": 0} violations=0
[ 510s] {"registry_writes": 36, "hook_events": 861, "transcript_lines": 444, "garbage_lines": 3, "huge_lines": 0, "sessions_started": 6, "sessions_killed": 0, "resumes": 0, "clears": 2, "honeypot_key_opened": 0, "honeypot_sock_connected": 0} violations=0
[ 540s] {"registry_writes": 37, "hook_events": 898, "transcript_lines": 463, "garbage_lines": 3, "huge_lines": 0, "sessions_started": 6, "sessions_killed": 0, "resumes": 0, "clears": 2, "honeypot_key_opened": 0, "honeypot_sock_connected": 0} violations=0
[ 570s] {"registry_writes": 39, "hook_events": 950, "transcript_lines": 490, "garbage_lines": 4, "huge_lines": 0, "sessions_started": 6, "sessions_killed": 0, "resumes": 0, "clears": 2, "honeypot_key_opened": 0, "honeypot_sock_connected": 0} violations=0
[ 600s] {"registry_writes": 39, "hook_events": 1018, "transcript_lines": 524, "garbage_lines": 4, "huge_lines": 0, "sessions_started": 6, "sessions_killed": 0, "resumes": 0, "clears": 2, "honeypot_key_opened": 0, "honeypot_sock_connected": 0} violations=0
[ 630s] {"registry_writes": 41, "hook_events": 1052, "transcript_lines": 542, "garbage_lines": 4, "huge_lines": 0, "sessions_started": 6, "sessions_killed": 0, "resumes": 0, "clears": 2, "honeypot_key_opened": 0, "honeypot_sock_connected": 0} violations=0
[ 660s] {"registry_writes": 43, "hook_events": 1090, "transcript_lines": 562, "garbage_lines": 5, "huge_lines": 0, "sessions_started": 6, "sessions_killed": 0, "resumes": 0, "clears": 2, "honeypot_key_opened": 0, "honeypot_sock_connected": 0} violations=0
[ 690s] {"registry_writes": 43, "hook_events": 1126, "transcript_lines": 580, "garbage_lines": 5, "huge_lines": 0, "sessions_started": 6, "sessions_killed": 1, "resumes": 0, "clears": 2, "honeypot_key_opened": 0, "honeypot_sock_connected": 0} violations=0
[ 720s] {"registry_writes": 46, "hook_events": 1168, "transcript_lines": 603, "garbage_lines": 5, "huge_lines": 0, "sessions_started": 7, "sessions_killed": 1, "resumes": 1, "clears": 2, "honeypot_key_opened": 0, "honeypot_sock_connected": 0} violations=0
[ 750s] {"registry_writes": 47, "hook_events": 1229, "transcript_lines": 634, "garbage_lines": 5, "huge_lines": 0, "sessions_started": 7, "sessions_killed": 1, "resumes": 1, "clears": 2, "honeypot_key_opened": 0, "honeypot_sock_connected": 0} violations=0
[ 780s] {"registry_writes": 49, "hook_events": 1274, "transcript_lines": 656, "garbage_lines": 7, "huge_lines": 0, "sessions_started": 7, "sessions_killed": 2, "resumes": 1, "clears": 2, "honeypot_key_opened": 0, "honeypot_sock_connected": 0} violations=0
[ 810s] {"registry_writes": 49, "hook_events": 1330, "transcript_lines": 684, "garbage_lines": 8, "huge_lines": 0, "sessions_started": 7, "sessions_killed": 2, "resumes": 1, "clears": 2, "honeypot_key_opened": 0, "honeypot_sock_connected": 0} violations=0
[ 840s] {"registry_writes": 51, "hook_events": 1367, "transcript_lines": 704, "garbage_lines": 8, "huge_lines": 0, "sessions_started": 8, "sessions_killed": 2, "resumes": 2, "clears": 2, "honeypot_key_opened": 0, "honeypot_sock_connected": 0} violations=0
[ 870s] {"registry_writes": 54, "hook_events": 1398, "transcript_lines": 721, "garbage_lines": 9, "huge_lines": 0, "sessions_started": 8, "sessions_killed": 2, "resumes": 2, "clears": 2, "honeypot_key_opened": 0, "honeypot_sock_connected": 0} violations=0
[ 900s] {"registry_writes": 55, "hook_events": 1415, "transcript_lines": 730, "garbage_lines": 9, "huge_lines": 0, "sessions_started": 8, "sessions_killed": 3, "resumes": 2, "clears": 2, "honeypot_key_opened": 0, "honeypot_sock_connected": 0} violations=0
[ 930s] {"registry_writes": 55, "hook_events": 1427, "transcript_lines": 736, "garbage_lines": 9, "huge_lines": 0, "sessions_started": 8, "sessions_killed": 5, "resumes": 2, "clears": 2, "honeypot_key_opened": 0, "honeypot_sock_connected": 0} violations=0
[ 961s] {"registry_writes": 56, "hook_events": 1439, "transcript_lines": 743, "garbage_lines": 9, "huge_lines": 0, "sessions_started": 9, "sessions_killed": 6, "resumes": 2, "clears": 2, "honeypot_key_opened": 0, "honeypot_sock_connected": 0} violations=0
[ 991s] {"registry_writes": 62, "hook_events": 1468, "transcript_lines": 762, "garbage_lines": 9, "huge_lines": 0, "sessions_started": 12, "sessions_killed": 6, "resumes": 4, "clears": 3, "honeypot_key_opened": 0, "honeypot_sock_connected": 0} violations=0
[1021s] {"registry_writes": 64, "hook_events": 1548, "transcript_lines": 803, "garbage_lines": 10, "huge_lines": 0, "sessions_started": 12, "sessions_killed": 6, "resumes": 4, "clears": 3, "honeypot_key_opened": 0, "honeypot_sock_connected": 0} violations=0
[1051s] {"registry_writes": 65, "hook_events": 1613, "transcript_lines": 836, "garbage_lines": 10, "huge_lines": 0, "sessions_started": 12, "sessions_killed": 6, "resumes": 4, "clears": 3, "honeypot_key_opened": 0, "honeypot_sock_connected": 0} violations=0
[1081s] {"registry_writes": 65, "hook_events": 1675, "transcript_lines": 867, "garbage_lines": 10, "huge_lines": 0, "sessions_started": 12, "sessions_killed": 6, "resumes": 4, "clears": 3, "honeypot_key_opened": 0, "honeypot_sock_connected": 0} violations=0
[1111s] {"registry_writes": 67, "hook_events": 1735, "transcript_lines": 898, "garbage_lines": 10, "huge_lines": 0, "sessions_started": 12, "sessions_killed": 6, "resumes": 4, "clears": 3, "honeypot_key_opened": 0, "honeypot_sock_connected": 0} violations=0
[1141s] {"registry_writes": 68, "hook_events": 1794, "transcript_lines": 928, "garbage_lines": 10, "huge_lines": 0, "sessions_started": 12, "sessions_killed": 6, "resumes": 4, "clears": 3, "honeypot_key_opened": 0, "honeypot_sock_connected": 0} violations=0
[1171s] {"registry_writes": 69, "hook_events": 1831, "transcript_lines": 947, "garbage_lines": 10, "huge_lines": 0, "sessions_started": 12, "sessions_killed": 6, "resumes": 4, "clears": 3, "honeypot_key_opened": 0, "honeypot_sock_connected": 0} violations=0
[1201s] {"registry_writes": 70, "hook_events": 1872, "transcript_lines": 968, "garbage_lines": 11, "huge_lines": 0, "sessions_started": 12, "sessions_killed": 6, "resumes": 4, "clears": 3, "honeypot_key_opened": 0, "honeypot_sock_connected": 0} violations=0
[1231s] {"registry_writes": 74, "hook_events": 1913, "transcript_lines": 989, "garbage_lines": 14, "huge_lines": 0, "sessions_started": 12, "sessions_killed": 6, "resumes": 4, "clears": 3, "honeypot_key_opened": 0, "honeypot_sock_connected": 0} violations=0
[1261s] {"registry_writes": 75, "hook_events": 1958, "transcript_lines": 1012, "garbage_lines": 14, "huge_lines": 0, "sessions_started": 12, "sessions_killed": 6, "resumes": 4, "clears": 3, "honeypot_key_opened": 0, "honeypot_sock_connected": 0} violations=0
[1291s] {"registry_writes": 78, "hook_events": 1987, "transcript_lines": 1028, "garbage_lines": 14, "huge_lines": 0, "sessions_started": 12, "sessions_killed": 6, "resumes": 4, "clears": 3, "honeypot_key_opened": 0, "honeypot_sock_connected": 0} violations=0
[1321s] {"registry_writes": 79, "hook_events": 2012, "transcript_lines": 1041, "garbage_lines": 14, "huge_lines": 0, "sessions_started": 12, "sessions_killed": 6, "resumes": 4, "clears": 3, "honeypot_key_opened": 0, "honeypot_sock_connected": 0} violations=0
[1351s] {"registry_writes": 81, "hook_events": 2050, "transcript_lines": 1061, "garbage_lines": 14, "huge_lines": 0, "sessions_started": 12, "sessions_killed": 6, "resumes": 4, "clears": 3, "honeypot_key_opened": 0, "honeypot_sock_connected": 0} violations=0
[1381s] {"registry_writes": 82, "hook_events": 2089, "transcript_lines": 1081, "garbage_lines": 15, "huge_lines": 0, "sessions_started": 12, "sessions_killed": 7, "resumes": 4, "clears": 3, "honeypot_key_opened": 0, "honeypot_sock_connected": 0} violations=0
[1411s] {"registry_writes": 83, "hook_events": 2137, "transcript_lines": 1105, "garbage_lines": 16, "huge_lines": 0, "sessions_started": 12, "sessions_killed": 7, "resumes": 4, "clears": 3, "honeypot_key_opened": 0, "honeypot_sock_connected": 0} violations=0
[1441s] {"registry_writes": 86, "hook_events": 2195, "transcript_lines": 1134, "garbage_lines": 16, "huge_lines": 0, "sessions_started": 12, "sessions_killed": 7, "resumes": 4, "clears": 3, "honeypot_key_opened": 0, "honeypot_sock_connected": 0} violations=0
[1471s] {"registry_writes": 90, "hook_events": 2250, "transcript_lines": 1163, "garbage_lines": 17, "huge_lines": 0, "sessions_started": 13, "sessions_killed": 7, "resumes": 5, "clears": 4, "honeypot_key_opened": 0, "honeypot_sock_connected": 0} violations=0
[1501s] {"registry_writes": 90, "hook_events": 2306, "transcript_lines": 1191, "garbage_lines": 19, "huge_lines": 0, "sessions_started": 13, "sessions_killed": 7, "resumes": 5, "clears": 4, "honeypot_key_opened": 0, "honeypot_sock_connected": 0} violations=0
[1531s] {"registry_writes": 91, "hook_events": 2355, "transcript_lines": 1216, "garbage_lines": 22, "huge_lines": 0, "sessions_started": 13, "sessions_killed": 8, "resumes": 5, "clears": 4, "honeypot_key_opened": 0, "honeypot_sock_connected": 0} violations=0
[1561s] {"registry_writes": 92, "hook_events": 2401, "transcript_lines": 1240, "garbage_lines": 22, "huge_lines": 0, "sessions_started": 14, "sessions_killed": 9, "resumes": 6, "clears": 4, "honeypot_key_opened": 0, "honeypot_sock_connected": 0} violations=0
[1591s] {"registry_writes": 96, "hook_events": 2441, "transcript_lines": 1262, "garbage_lines": 22, "huge_lines": 0, "sessions_started": 14, "sessions_killed": 9, "resumes": 6, "clears": 4, "honeypot_key_opened": 0, "honeypot_sock_connected": 0} violations=0
[1621s] {"registry_writes": 96, "hook_events": 2461, "transcript_lines": 1272, "garbage_lines": 22, "huge_lines": 0, "sessions_started": 14, "sessions_killed": 11, "resumes": 6, "clears": 4, "honeypot_key_opened": 0, "honeypot_sock_connected": 0} violations=0
[1651s] {"registry_writes": 101, "hook_events": 2484, "transcript_lines": 1285, "garbage_lines": 22, "huge_lines": 0, "sessions_started": 15, "sessions_killed": 11, "resumes": 7, "clears": 4, "honeypot_key_opened": 0, "honeypot_sock_connected": 0} violations=0
[1681s] {"registry_writes": 103, "hook_events": 2523, "transcript_lines": 1306, "garbage_lines": 23, "huge_lines": 0, "sessions_started": 16, "sessions_killed": 11, "resumes": 8, "clears": 4, "honeypot_key_opened": 0, "honeypot_sock_connected": 0} violations=0
[1711s] {"registry_writes": 107, "hook_events": 2600, "transcript_lines": 1347, "garbage_lines": 25, "huge_lines": 0, "sessions_started": 17, "sessions_killed": 11, "resumes": 8, "clears": 4, "honeypot_key_opened": 0, "honeypot_sock_connected": 0} violations=0
[1741s] {"registry_writes": 109, "hook_events": 2669, "transcript_lines": 1382, "garbage_lines": 26, "huge_lines": 0, "sessions_started": 17, "sessions_killed": 11, "resumes": 8, "clears": 4, "honeypot_key_opened": 0, "honeypot_sock_connected": 0} violations=0
[1771s] {"registry_writes": 110, "hook_events": 2716, "transcript_lines": 1405, "garbage_lines": 27, "huge_lines": 0, "sessions_started": 17, "sessions_killed": 11, "resumes": 8, "clears": 4, "honeypot_key_opened": 0, "honeypot_sock_connected": 0} violations=0
[1802s] {"registry_writes": 111, "hook_events": 2775, "transcript_lines": 1435, "garbage_lines": 28, "huge_lines": 0, "sessions_started": 17, "sessions_killed": 11, "resumes": 8, "clears": 4, "honeypot_key_opened": 0, "honeypot_sock_connected": 0} violations=0
[1832s] {"registry_writes": 113, "hook_events": 2829, "transcript_lines": 1463, "garbage_lines": 28, "huge_lines": 0, "sessions_started": 17, "sessions_killed": 11, "resumes": 8, "clears": 4, "honeypot_key_opened": 0, "honeypot_sock_connected": 0} violations=0
[1862s] {"registry_writes": 113, "hook_events": 2877, "transcript_lines": 1487, "garbage_lines": 29, "huge_lines": 0, "sessions_started": 17, "sessions_killed": 11, "resumes": 8, "clears": 4, "honeypot_key_opened": 0, "honeypot_sock_connected": 0} violations=0
[1892s] {"registry_writes": 113, "hook_events": 2923, "transcript_lines": 1510, "garbage_lines": 30, "huge_lines": 0, "sessions_started": 17, "sessions_killed": 11, "resumes": 8, "clears": 4, "honeypot_key_opened": 0, "honeypot_sock_connected": 0} violations=0
[1922s] {"registry_writes": 116, "hook_events": 2982, "transcript_lines": 1541, "garbage_lines": 31, "huge_lines": 0, "sessions_started": 17, "sessions_killed": 11, "resumes": 8, "clears": 4, "honeypot_key_opened": 0, "honeypot_sock_connected": 0} violations=0
[1952s] {"registry_writes": 117, "hook_events": 3037, "transcript_lines": 1569, "garbage_lines": 32, "huge_lines": 0, "sessions_started": 17, "sessions_killed": 11, "resumes": 8, "clears": 4, "honeypot_key_opened": 0, "honeypot_sock_connected": 0} violations=0
[1982s] {"registry_writes": 119, "hook_events": 3075, "transcript_lines": 1589, "garbage_lines": 32, "huge_lines": 0, "sessions_started": 17, "sessions_killed": 12, "resumes": 8, "clears": 4, "honeypot_key_opened": 0, "honeypot_sock_connected": 0} violations=0
[2012s] {"registry_writes": 123, "hook_events": 3094, "transcript_lines": 1599, "garbage_lines": 32, "huge_lines": 0, "sessions_started": 17, "sessions_killed": 12, "resumes": 8, "clears": 4, "honeypot_key_opened": 0, "honeypot_sock_connected": 0} violations=0
[2042s] {"registry_writes": 126, "hook_events": 3100, "transcript_lines": 1604, "garbage_lines": 32, "huge_lines": 0, "sessions_started": 18, "sessions_killed": 13, "resumes": 8, "clears": 4, "honeypot_key_opened": 0, "honeypot_sock_connected": 0} violations=0
[2072s] {"registry_writes": 126, "hook_events": 3126, "transcript_lines": 1617, "garbage_lines": 32, "huge_lines": 0, "sessions_started": 18, "sessions_killed": 13, "resumes": 8, "clears": 4, "honeypot_key_opened": 0, "honeypot_sock_connected": 0} violations=0
[2102s] {"registry_writes": 127, "hook_events": 3144, "transcript_lines": 1626, "garbage_lines": 34, "huge_lines": 0, "sessions_started": 18, "sessions_killed": 13, "resumes": 8, "clears": 4, "honeypot_key_opened": 0, "honeypot_sock_connected": 0} violations=0
[2132s] {"registry_writes": 131, "hook_events": 3177, "transcript_lines": 1644, "garbage_lines": 34, "huge_lines": 0, "sessions_started": 19, "sessions_killed": 13, "resumes": 9, "clears": 5, "honeypot_key_opened": 0, "honeypot_sock_connected": 0} violations=0
replay_soak 结束：{"seconds": 2139.786369085312, "counters": {"registry_writes": 131, "hook_events": 3183, "transcript_lines": 1647, "garbage_lines": 34, "huge_lines": 0, "sessions_started": 19, "sessions_killed": 13, "resumes": 9, "clears": 5, "honeypot_key_opened": 0, "honeypot_sock_connected": 0}, "violations": []}
