开始 2026-09-29 10:02:19，35 分钟；二进制 ~/Applications/Buddy 办公室.app/Contents/MacOS/BuddyOffice；已装好的 App pid=52814
pid：演示 53063  演示三种形态 53065  空闲 53067  真实数据(开发副本) 53069  replay 53071  replay 压力 53075  已装好 52814
leaks[demo pid 53063]：Process 53063: 52162 nodes malloced for 10346 KB Process 53063: 0 leaks for 0 total leaked bytes. 
leaks[demo-3forms pid 53065]：Process 53065: 52714 nodes malloced for 11597 KB Process 53065: 0 leaks for 0 total leaked bytes. 
leaks[idle pid 53067]：Process 53067: 51971 nodes malloced for 10192 KB Process 53067: 0 leaks for 0 total leaked bytes. 
leaks[real-dev pid 53069]：Process 53069: 59267 nodes malloced for 12365 KB Process 53069: 0 leaks for 0 total leaked bytes. 
leaks[replay pid 53071]：Process 53071: 55939 nodes malloced for 11361 KB Process 53071: 0 leaks for 0 total leaked bytes. 
leaks[replay-stress pid 53075]：Process 53075: 57077 nodes malloced for 11764 KB Process 53075: 0 leaks for 0 total leaked bytes. 
leaks[installed pid 52814]：Process 52814: 55519 nodes malloced for 11007 KB Process 52814: 0 leaks for 0 total leaked bytes. 
结束 2026-09-29 10:37:59
== QA/evidence/soak/soak-demo-3forms.log
# 采样 70 个；RSS 首 87.3 → 末 28.6 MB，最大 87.3 MB；预热 3 分钟后 RSS 斜率 -116.91 MB/小时
# 物理占用 首 28.0 → 末 28.0 MB，最大 29.0 MB；斜率 +4.81 MB/小时
# CPU 平均 3.05%，最大 5.96%（单核百分比，含启动期）
# 文件句柄 首 38 → 末 38，最大 38；线程 首 6 → 末 5
# CPU 预热 3 分钟后：平均 3.09%，中位 2.26%，P95 5.87%，最大 5.96%（65 个采样）
# CPU 预算 ≤5.0%（预热后平均 3.09%）：✅
# RSS 预算 ≤80 MB（预热后最大 78.8 MB，均值 62.4 MB；全程最大 87.3 MB）：✅
# 内存增长（预热后物理占用：前 1/3 采样的中位数 26.0 MB → 后 1/3 的中位数 28.0 MB，差 +2.0 MB，预算 ≤+3.0 MB；最小二乘斜率 +4.81 MB/小时，物理占用只有 1 MB 的分辨率，斜率仅供参考）：✅ 没有增长
# 线程数 首 6 → 末 5，最大 8；前 5 个采样的中位数 → 后 5 个采样的中位数：+1（> 8 算在涨）
# .key 句柄出现次数 0，.sock 句柄出现次数 0
# 崩溃报告（10:02:33 之后 ~/Library/Logs/DiagnosticReports 里的 Buddy*）：0 份 []
# 结果：✅ 进程一直在、线程数和句柄数没有增长、内存没有增长、CPU / RSS 在预算内、没有 .key / .sock 句柄、没有崩溃报告
== QA/evidence/soak/soak-demo.log
# 采样 70 个；RSS 首 85.2 → 末 25.2 MB，最大 85.2 MB；预热 3 分钟后 RSS 斜率 -117.24 MB/小时
# 物理占用 首 25.0 → 末 25.0 MB，最大 25.0 MB；斜率 +4.49 MB/小时
# CPU 平均 1.17%，最大 2.65%（单核百分比，含启动期）
# 文件句柄 首 38 → 末 38，最大 38；线程 首 6 → 末 7
# CPU 预热 3 分钟后：平均 1.17%，中位 0.96%，P95 2.31%，最大 2.65%（65 个采样）
# CPU 预算 ≤3.0%（预热后平均 1.17%）：✅
# RSS 预算 ≤80 MB（预热后最大 75.7 MB，均值 59.3 MB；全程最大 85.2 MB）：✅
# 内存增长（预热后物理占用：前 1/3 采样的中位数 23.0 MB → 后 1/3 的中位数 25.0 MB，差 +2.0 MB，预算 ≤+3.0 MB；最小二乘斜率 +4.49 MB/小时，物理占用只有 1 MB 的分辨率，斜率仅供参考）：✅ 没有增长
# 线程数 首 6 → 末 7，最大 8；前 5 个采样的中位数 → 后 5 个采样的中位数：+1（> 8 算在涨）
# .key 句柄出现次数 0，.sock 句柄出现次数 0
# 崩溃报告（10:02:33 之后 ~/Library/Logs/DiagnosticReports 里的 Buddy*）：0 份 []
# 结果：✅ 进程一直在、线程数和句柄数没有增长、内存没有增长、CPU / RSS 在预算内、没有 .key / .sock 句柄、没有崩溃报告
== QA/evidence/soak/soak-idle.log
# 采样 70 个；RSS 首 84.1 → 末 24.7 MB，最大 84.1 MB；预热 3 分钟后 RSS 斜率 -116.62 MB/小时
# 物理占用 首 25.0 → 末 25.0 MB，最大 25.0 MB；斜率 +3.53 MB/小时
# CPU 平均 0.73%，最大 1.15%（单核百分比，含启动期）
# 文件句柄 首 38 → 末 38，最大 38；线程 首 6 → 末 5
# CPU 预热 3 分钟后：平均 0.73%，中位 0.66%，P95 1.09%，最大 1.15%（65 个采样）
# CPU 预算 ≤1.0%（预热后平均 0.73%）：✅
# RSS 预算 ≤80 MB（预热后最大 75.2 MB，均值 58.8 MB；全程最大 84.1 MB）：✅
# 内存增长（预热后物理占用：前 1/3 采样的中位数 23.0 MB → 后 1/3 的中位数 25.0 MB，差 +2.0 MB，预算 ≤+3.0 MB；最小二乘斜率 +3.53 MB/小时，物理占用只有 1 MB 的分辨率，斜率仅供参考）：✅ 没有增长
# 线程数 首 6 → 末 5，最大 8；前 5 个采样的中位数 → 后 5 个采样的中位数：+0（> 8 算在涨）
# .key 句柄出现次数 0，.sock 句柄出现次数 0
# 崩溃报告（10:02:33 之后 ~/Library/Logs/DiagnosticReports 里的 Buddy*）：0 份 []
# 结果：✅ 进程一直在、线程数和句柄数没有增长、内存没有增长、CPU / RSS 在预算内、没有 .key / .sock 句柄、没有崩溃报告
== QA/evidence/soak/soak-real-dev.log
# 采样 70 个；RSS 首 92.7 → 末 26.3 MB，最大 92.7 MB；预热 3 分钟后 RSS 斜率 -122.03 MB/小时
# 物理占用 首 37.0 → 末 48.0 MB，最大 48.0 MB；斜率 +16.49 MB/小时
# CPU 平均 1.26%，最大 1.86%（单核百分比，含启动期）
# 文件句柄 首 54 → 末 54，最大 54；线程 首 6 → 末 6
# CPU 预热 3 分钟后：平均 1.25%，中位 1.19%，P95 1.72%，最大 1.86%（65 个采样）
# CPU 预算 ≤3.0%（预热后平均 1.25%）：✅
# RSS 预算 ≤80 MB（预热后最大 80.7 MB，均值 61.7 MB；全程最大 92.7 MB）：✗ 超了
# 内存增长（预热后物理占用：前 1/3 采样的中位数 41.0 MB → 后 1/3 的中位数 48.0 MB，差 +7.0 MB，预算 ≤+3.0 MB；最小二乘斜率 +16.49 MB/小时，物理占用只有 1 MB 的分辨率，斜率仅供参考）：✗ 在涨
# 线程数 首 6 → 末 6，最大 8；前 5 个采样的中位数 → 后 5 个采样的中位数：+0（> 8 算在涨）
# .key 句柄出现次数 0，.sock 句柄出现次数 0
# 崩溃报告（10:02:33 之后 ~/Library/Logs/DiagnosticReports 里的 Buddy*）：0 份 []
# 结果：✗ 有问题，见上面（线程增长 +0，句柄增长 +0）
== QA/evidence/soak/soak-real-installed.log
# 采样 70 个；RSS 首 72.2 → 末 21.9 MB，最大 73.2 MB；预热 3 分钟后 RSS 斜率 -111.33 MB/小时
# 物理占用 首 27.0 → 末 33.0 MB，最大 33.0 MB；斜率 +16.33 MB/小时
# CPU 平均 0.66%，最大 1.92%（单核百分比，含启动期）
# 文件句柄 首 53 → 末 54，最大 54；线程 首 7 → 末 7
# CPU 预热 3 分钟后：平均 0.66%，中位 0.56%，P95 1.52%，最大 1.92%（65 个采样）
# CPU 预算 ≤3.0%（预热后平均 0.66%）：✅
# RSS 预算 ≤80 MB（预热后最大 70.7 MB，均值 55.3 MB；全程最大 73.2 MB）：✅
# 内存增长（预热后物理占用：前 1/3 采样的中位数 25.0 MB → 后 1/3 的中位数 32.0 MB，差 +7.0 MB，预算 ≤+3.0 MB；最小二乘斜率 +16.33 MB/小时，物理占用只有 1 MB 的分辨率，斜率仅供参考）：✗ 在涨
# 线程数 首 7 → 末 7，最大 8；前 5 个采样的中位数 → 后 5 个采样的中位数：+0（> 8 算在涨）
# .key 句柄出现次数 0，.sock 句柄出现次数 0
# 崩溃报告（10:02:33 之后 ~/Library/Logs/DiagnosticReports 里的 Buddy*）：0 份 []
# 结果：✗ 有问题，见上面（线程增长 +0，句柄增长 +1）
== QA/evidence/soak/soak-replay-stress.log
# 采样 70 个；RSS 首 89.0 → 末 37.0 MB，最大 89.4 MB；预热 3 分钟后 RSS 斜率 -119.04 MB/小时
# 物理占用 首 27.0 → 末 35.0 MB，最大 36.0 MB；斜率 +13.09 MB/小时
# CPU 平均 4.82%，最大 6.96%（单核百分比，含启动期）
# 文件句柄 首 58 → 末 59，最大 59；线程 首 13 → 末 8
# CPU 预热 3 分钟后：平均 4.85%，中位 4.82%，P95 6.75%，最大 6.96%（65 个采样）
# RSS 预算 ≤80 MB（预热后最大 87.2 MB，均值 70.3 MB；全程最大 89.4 MB）：✗ 超了
# 内存增长（预热后物理占用：前 1/3 采样的中位数 29.0 MB → 后 1/3 的中位数 35.0 MB，差 +6.0 MB，预算 ≤+3.0 MB；最小二乘斜率 +13.09 MB/小时，物理占用只有 1 MB 的分辨率，斜率仅供参考）：✗ 在涨
# 线程数 首 13 → 末 8，最大 13；前 5 个采样的中位数 → 后 5 个采样的中位数：-2（> 8 算在涨）
# .key 句柄出现次数 0，.sock 句柄出现次数 0
# 崩溃报告（10:02:33 之后 ~/Library/Logs/DiagnosticReports 里的 Buddy*）：0 份 []
# 结果：✗ 有问题，见上面（线程增长 -2，句柄增长 +1）
== QA/evidence/soak/soak-replay.log
# 采样 70 个；RSS 首 85.4 → 末 35.0 MB，最大 85.4 MB；预热 3 分钟后 RSS 斜率 -117.04 MB/小时
# 物理占用 首 26.0 → 末 31.0 MB，最大 32.0 MB；斜率 +10.48 MB/小时
# CPU 平均 2.30%，最大 5.13%（单核百分比，含启动期）
# 文件句柄 首 58 → 末 59，最大 59；线程 首 8 → 末 8
# CPU 预热 3 分钟后：平均 2.27%，中位 2.09%，P95 3.84%，最大 5.13%（65 个采样）
# CPU 预算 ≤3.0%（预热后平均 2.27%）：✅
# RSS 预算 ≤80 MB（预热后最大 85.4 MB，均值 68.4 MB；全程最大 85.4 MB）：✗ 超了
# 内存增长（预热后物理占用：前 1/3 采样的中位数 27.0 MB → 后 1/3 的中位数 31.0 MB，差 +4.0 MB，预算 ≤+3.0 MB；最小二乘斜率 +10.48 MB/小时，物理占用只有 1 MB 的分辨率，斜率仅供参考）：✗ 在涨
# 线程数 首 8 → 末 8，最大 16；前 5 个采样的中位数 → 后 5 个采样的中位数：+0（> 8 算在涨）
# .key 句柄出现次数 0，.sock 句柄出现次数 0
# 崩溃报告（10:02:33 之后 ~/Library/Logs/DiagnosticReports 里的 Buddy*）：0 份 []
# 结果：✗ 有问题，见上面（线程增长 +0，句柄增长 +1）
replay 发生器：replay_soak 结束：{"seconds": 2139.786369085312, "counters": {"registry_writes": 131, "hook_events": 3183, "transcript_lines": 1647, "garbage_lines": 34, "huge_lines": 0, "sessions_started": 19, "sessions_killed": 13, "resumes": 9, "clears": 5, "honeypot_key_opened": 0, "honeypot_sock_connected": 0}, "violations": []}
replay 压力发生器：replay_soak 结束：{"seconds": 2139.809688091278, "counters": {"registry_writes": 581, "hook_events": 4226, "transcript_lines": 2232, "garbage_lines": 61, "huge_lines": 2, "sessions_started": 26, "sessions_killed": 19, "resumes": 13, "clears": 6, "honeypot_key_opened": 0, "honeypot_sock_connected": 0}, "violations": []}
