# 已装好的 App（真实数据，原样） pid=52814 开始 10:02:33，35 分钟，每 30 秒一行
# 秒  RSS(MB)  footprint(MB)  CPU%  线程  句柄  .key  .sock  句柄类型
   30     72.2     27.0   0.63    7    53  0  0  CHR:3,DIR:16,KQUEUE:1,REG:33
   60     73.2     27.0   0.70    7    53  0  0  CHR:3,DIR:16,KQUEUE:1,REG:33
   90     71.4     27.0   0.80    7    53  0  0  CHR:3,DIR:16,KQUEUE:1,REG:33
  120     71.3     27.0   0.60    7    53  0  0  CHR:3,DIR:16,KQUEUE:1,REG:33
  150     71.0     27.0   0.60    7    53  0  0  CHR:3,DIR:16,KQUEUE:1,REG:33
  180     70.7     27.0   0.56    7    53  0  0  CHR:3,DIR:16,KQUEUE:1,REG:33
  210     70.7     27.0   0.56    7    53  0  0  CHR:3,DIR:16,KQUEUE:1,REG:33
  241     70.5     27.0   0.53    7    53  0  0  CHR:3,DIR:16,KQUEUE:1,REG:33
  271     70.6     26.0   0.60    7    53  0  0  CHR:3,DIR:16,KQUEUE:1,REG:33
  301     70.2     26.0   0.53    7    53  0  0  CHR:3,DIR:16,KQUEUE:1,REG:33
  331     70.2     26.0   0.53    5    53  0  0  CHR:3,DIR:16,KQUEUE:1,REG:33
  361     70.2     26.0   0.56    5    53  0  0  CHR:3,DIR:16,KQUEUE:1,REG:33
  391     70.1     25.0   0.56    6    53  0  0  CHR:3,DIR:16,KQUEUE:1,REG:33
  421     70.1     25.0   0.56    6    53  0  0  CHR:3,DIR:16,KQUEUE:1,REG:33
  452     70.0     25.0   0.56    6    53  0  0  CHR:3,DIR:16,KQUEUE:1,REG:33
  482     69.9     25.0   0.60    6    53  0  0  CHR:3,DIR:16,KQUEUE:1,REG:33
  512     69.8     25.0   0.56    6    53  0  0  CHR:3,DIR:16,KQUEUE:1,REG:33
  542     69.8     25.0   0.56    6    53  0  0  CHR:3,DIR:16,KQUEUE:1,REG:33
  572     70.5     25.0   0.56    6    53  0  0  CHR:3,DIR:16,KQUEUE:1,REG:33
  602     70.5     25.0   0.60    6    53  0  0  CHR:3,DIR:16,KQUEUE:1,REG:33
  632     69.9     25.0   0.56    6    53  0  0  CHR:3,DIR:16,KQUEUE:1,REG:33
  663     69.7     25.0   0.56    6    53  0  0  CHR:3,DIR:16,KQUEUE:1,REG:33
  693     69.6     25.0   0.56    6    53  0  0  CHR:3,DIR:16,KQUEUE:1,REG:33
  723     70.5     25.0   0.66    6    53  0  0  CHR:3,DIR:16,KQUEUE:1,REG:33
  753     70.3     25.0   0.63    6    53  0  0  CHR:3,DIR:16,KQUEUE:1,REG:33
  783     70.3     25.0   0.56    6    53  0  0  CHR:3,DIR:16,KQUEUE:1,REG:33
  813     70.3     25.0   0.56    5    53  0  0  CHR:3,DIR:16,KQUEUE:1,REG:33
  843     69.8     25.0   0.56    6    53  0  0  CHR:3,DIR:16,KQUEUE:1,REG:33
  874     69.8     26.0   0.56    6    53  0  0  CHR:3,DIR:16,KQUEUE:1,REG:33
  904     69.8     26.0   0.56    6    54  0  0  CHR:3,DIR:17,KQUEUE:1,REG:33
  934     69.7     25.0   0.56    6    53  0  0  CHR:3,DIR:16,KQUEUE:1,REG:33
  964     69.7     25.0   0.56    6    53  0  0  CHR:3,DIR:16,KQUEUE:1,REG:33
  994     69.7     25.0   0.56    6    53  0  0  CHR:3,DIR:16,KQUEUE:1,REG:33
 1024     69.7     26.0   0.56    6    53  0  0  CHR:3,DIR:16,KQUEUE:1,REG:33
 1054     69.7     25.0   0.56    6    53  0  0  CHR:3,DIR:16,KQUEUE:1,REG:33
 1085     69.7     25.0   0.56    6    53  0  0  CHR:3,DIR:16,KQUEUE:1,REG:33
 1115     69.0     25.0   0.56    6    53  0  0  CHR:3,DIR:16,KQUEUE:1,REG:33
 1145     69.0     25.0   0.60    6    53  0  0  CHR:3,DIR:16,KQUEUE:1,REG:33
 1175     69.3     25.0   0.56    6    53  0  0  CHR:3,DIR:16,KQUEUE:1,REG:33
 1205     69.3     25.0   0.56    6    53  0  0  CHR:3,DIR:16,KQUEUE:1,REG:33
 1235     70.3     25.0   0.63    6    53  0  0  CHR:3,DIR:16,KQUEUE:1,REG:33
 1265     69.3     25.0   0.56    5    53  0  0  CHR:3,DIR:16,KQUEUE:1,REG:33
 1296     69.2     25.0   0.56    6    53  0  0  CHR:3,DIR:16,KQUEUE:1,REG:33
 1326     69.2     25.0   0.53    6    53  0  0  CHR:3,DIR:16,KQUEUE:1,REG:33
 1356     69.2     25.0   0.56    6    53  0  0  CHR:3,DIR:16,KQUEUE:1,REG:33
 1386     69.2     25.0   0.60    6    53  0  0  CHR:3,DIR:16,KQUEUE:1,REG:33
 1416     68.9     25.0   0.53    6    53  0  0  CHR:3,DIR:16,KQUEUE:1,REG:33
 1446     68.9     25.0   0.56    6    53  0  0  CHR:3,DIR:16,KQUEUE:1,REG:33
 1476     68.8     25.0   0.56    6    53  0  0  CHR:3,DIR:16,KQUEUE:1,REG:33
 1507     37.0     30.0   0.83    8    54  0  0  CHR:3,DIR:16,KQUEUE:1,REG:34
 1537     30.9     30.0   1.72    7    54  0  0  CHR:3,DIR:16,KQUEUE:1,REG:34
 1567     29.7     31.0   1.82    7    54  0  0  CHR:3,DIR:16,KQUEUE:1,REG:34
 1597     29.0     32.0   1.92    7    54  0  0  CHR:3,DIR:16,KQUEUE:1,REG:34
 1628     27.1     32.0   1.52    7    54  0  0  CHR:3,DIR:16,KQUEUE:1,REG:34
 1658     23.7     32.0   0.56    7    54  0  0  CHR:3,DIR:16,KQUEUE:1,REG:34
 1688     23.7     32.0   0.63    7    54  0  0  CHR:3,DIR:16,KQUEUE:1,REG:34
 1718     23.2     32.0   0.60    7    54  0  0  CHR:3,DIR:16,KQUEUE:1,REG:34
 1748     23.2     32.0   0.60    7    54  0  0  CHR:3,DIR:16,KQUEUE:1,REG:34
 1778     22.8     32.0   0.63    7    54  0  0  CHR:3,DIR:16,KQUEUE:1,REG:34
 1809     23.5     32.0   0.63    7    54  0  0  CHR:3,DIR:16,KQUEUE:1,REG:34
 1839     22.6     33.0   0.63    7    54  0  0  CHR:3,DIR:16,KQUEUE:1,REG:34
 1869     24.6     33.0   0.66    7    54  0  0  CHR:3,DIR:16,KQUEUE:1,REG:34
 1899     24.3     33.0   0.63    7    54  0  0  CHR:3,DIR:16,KQUEUE:1,REG:34
 1929     23.5     33.0   0.56    7    54  0  0  CHR:3,DIR:16,KQUEUE:1,REG:34
 1959     23.0     33.0   0.56    7    54  0  0  CHR:3,DIR:16,KQUEUE:1,REG:34
 1990     22.6     33.0   0.70    7    54  0  0  CHR:3,DIR:16,KQUEUE:1,REG:34
 2020     22.1     33.0   0.60    7    54  0  0  CHR:3,DIR:16,KQUEUE:1,REG:34
 2050     22.3     33.0   0.63    7    54  0  0  CHR:3,DIR:16,KQUEUE:1,REG:34
 2080     22.8     33.0   0.60    7    54  0  0  CHR:3,DIR:16,KQUEUE:1,REG:34
 2110     21.9     33.0   0.60    7    54  0  0  CHR:3,DIR:16,KQUEUE:1,REG:34
# ---- 汇总 ----
# 采样 70 个；RSS 首 72.2 → 末 21.9 MB，最大 73.2 MB；预热 3 分钟后 RSS 斜率 -111.33 MB/小时
# 物理占用 首 27.0 → 末 33.0 MB，最大 33.0 MB；斜率 +16.33 MB/小时
# CPU 平均 0.66%，最大 1.92%（单核百分比，含启动期）
# 文件句柄 首 53 → 末 54，最大 54；线程 首 7 → 末 7
# CPU 预热 3 分钟后：平均 0.66%，中位 0.56%，P95 1.52%，最大 1.92%（65 个采样）
# CPU 预算 ≤3.0%（预热后平均 0.66%）：✅
# RSS 预算 ≤80 MB（预热后最大 70.7 MB，均值 55.3 MB；全程最大 73.2 MB）：✅
# 内存增长（预热后物理占用：前 1/3 采样的中位数 25.0 MB → 后 1/3 的中位数 32.0 MB，差 +7.0 MB，预算 ≤+3.0 MB；最小二乘斜率 +16.33 MB/小时，物理占用只有 1 MB 的分辨率，斜率仅供参考）：✗ 在涨
# 线程数 首 7 → 末 7，最大 8；前 5 个采样的中位数 → 后 5 个采样的中位数：+0（> 8 算在涨）
# .key 句柄出现次数 0，.sock 句柄出现次数 0
# 崩溃报告（10:02:33 之后 ~/Library/Logs/DiagnosticReports 里的 Buddy*）：0 份 []
# 结果：✗ 有问题，见上面（线程增长 +0，句柄增长 +1）
