# 演示（busy6，办公室窗口） pid=53063 开始 10:02:33，35 分钟，每 30 秒一行
# 秒  RSS(MB)  footprint(MB)  CPU%  线程  句柄  .key  .sock  句柄类型
   30     85.2     25.0   1.90    6    38  0  0  CHR:3,DIR:1,REG:34
   60     76.2     25.0   1.00    5    38  0  0  CHR:3,DIR:1,REG:34
   90     75.8     25.0   0.96    5    38  0  0  CHR:3,DIR:1,REG:34
  120     75.8     25.0   1.00    6    38  0  0  CHR:3,DIR:1,REG:34
  150     75.7     25.0   0.96    6    38  0  0  CHR:3,DIR:1,REG:34
  180     75.7     25.0   0.96    6    38  0  0  CHR:3,DIR:1,REG:34
  210     75.7     23.0   0.96    5    38  0  0  CHR:3,DIR:1,REG:34
  241     75.6     23.0   0.99    6    38  0  0  CHR:3,DIR:1,REG:34
  271     75.6     23.0   0.96    5    38  0  0  CHR:3,DIR:1,REG:34
  301     75.2     23.0   0.96    5    38  0  0  CHR:3,DIR:1,REG:34
  331     75.2     23.0   0.96    6    38  0  0  CHR:3,DIR:1,REG:34
  361     75.1     23.0   1.00    5    38  0  0  CHR:3,DIR:1,REG:34
  391     75.0     23.0   0.93    5    38  0  0  CHR:3,DIR:1,REG:34
  421     75.0     23.0   0.96    6    38  0  0  CHR:3,DIR:1,REG:34
  452     75.0     23.0   0.99    6    38  0  0  CHR:3,DIR:1,REG:34
  482     74.9     23.0   0.96    5    38  0  0  CHR:3,DIR:1,REG:34
  512     74.9     23.0   0.96    6    38  0  0  CHR:3,DIR:1,REG:34
  542     74.9     23.0   0.96    5    38  0  0  CHR:3,DIR:1,REG:34
  572     74.9     23.0   0.96    5    38  0  0  CHR:3,DIR:1,REG:34
  602     74.9     23.0   0.96    5    38  0  0  CHR:3,DIR:1,REG:34
  632     74.9     23.0   0.96    6    38  0  0  CHR:3,DIR:1,REG:34
  663     74.9     23.0   0.96    6    38  0  0  CHR:3,DIR:1,REG:34
  693     74.8     23.0   0.99    6    38  0  0  CHR:3,DIR:1,REG:34
  723     74.8     23.0   0.93    5    38  0  0  CHR:3,DIR:1,REG:34
  753     74.8     23.0   0.96    5    38  0  0  CHR:3,DIR:1,REG:34
  783     74.8     23.0   1.00    6    38  0  0  CHR:3,DIR:1,REG:34
  813     74.8     23.0   0.96    5    38  0  0  CHR:3,DIR:1,REG:34
  843     74.8     23.0   0.96    6    38  0  0  CHR:3,DIR:1,REG:34
  874     74.8     23.0   0.96    6    38  0  0  CHR:3,DIR:1,REG:34
  904     74.8     23.0   0.96    6    38  0  0  CHR:3,DIR:1,REG:34
  934     74.8     23.0   1.00    5    38  0  0  CHR:3,DIR:1,REG:34
  964     74.8     23.0   0.99    6    38  0  0  CHR:3,DIR:1,REG:34
  994     74.8     23.0   0.93    6    38  0  0  CHR:3,DIR:1,REG:34
 1024     74.8     23.0   0.96    6    38  0  0  CHR:3,DIR:1,REG:34
 1054     74.8     23.0   0.99    6    38  0  0  CHR:3,DIR:1,REG:34
 1085     74.8     23.0   0.96    6    38  0  0  CHR:3,DIR:1,REG:34
 1115     74.0     23.0   0.99    5    38  0  0  CHR:3,DIR:1,REG:34
 1145     74.0     23.0   0.93    6    38  0  0  CHR:3,DIR:1,REG:34
 1175     73.9     23.0   0.96    6    38  0  0  CHR:3,DIR:1,REG:34
 1205     73.9     23.0   0.96    6    38  0  0  CHR:3,DIR:1,REG:34
 1235     73.9     23.0   0.99    6    38  0  0  CHR:3,DIR:1,REG:34
 1265     73.9     23.0   0.96    6    38  0  0  CHR:3,DIR:1,REG:34
 1296     73.9     23.0   0.96    6    38  0  0  CHR:3,DIR:1,REG:34
 1326     73.9     23.0   0.96    5    38  0  0  CHR:3,DIR:1,REG:34
 1356     73.9     23.0   0.96    5    38  0  0  CHR:3,DIR:1,REG:34
 1386     73.5     23.0   0.96    6    38  0  0  CHR:3,DIR:1,REG:34
 1416     73.5     23.0   0.96    5    38  0  0  CHR:3,DIR:1,REG:34
 1446     73.5     23.0   0.96    5    38  0  0  CHR:3,DIR:1,REG:34
 1476     73.4     23.0   0.96    5    38  0  0  CHR:3,DIR:1,REG:34
 1507     35.3     25.0   1.36    8    38  0  0  CHR:3,DIR:1,REG:34
 1537     27.9     25.0   2.31    6    38  0  0  CHR:3,DIR:1,REG:34
 1567     28.3     25.0   2.58    6    38  0  0  CHR:3,DIR:1,REG:34
 1597     27.7     25.0   2.65    6    38  0  0  CHR:3,DIR:1,REG:34
 1628     29.5     25.0   2.42    7    38  0  0  CHR:3,DIR:1,REG:34
 1658     26.6     25.0   1.59    6    38  0  0  CHR:3,DIR:1,REG:34
 1688     26.6     25.0   1.49    5    38  0  0  CHR:3,DIR:1,REG:34
 1718     26.3     25.0   1.43    6    38  0  0  CHR:3,DIR:1,REG:34
 1748     26.3     25.0   1.42    6    38  0  0  CHR:3,DIR:1,REG:34
 1778     25.9     25.0   1.46    6    38  0  0  CHR:3,DIR:1,REG:34
 1809     26.5     25.0   1.39    6    38  0  0  CHR:3,DIR:1,REG:34
 1839     25.7     25.0   1.26    6    38  0  0  CHR:3,DIR:1,REG:34
 1869     27.5     25.0   1.52    6    38  0  0  CHR:3,DIR:1,REG:34
 1899     27.3     25.0   1.16    6    38  0  0  CHR:3,DIR:1,REG:34
 1929     26.5     25.0   1.00    6    38  0  0  CHR:3,DIR:1,REG:34
 1959     26.4     25.0   0.99    6    38  0  0  CHR:3,DIR:1,REG:34
 1990     26.0     25.0   1.59    7    38  0  0  CHR:3,DIR:1,REG:34
 2020     25.3     25.0   1.46    7    38  0  0  CHR:3,DIR:1,REG:34
 2050     25.6     25.0   1.43    7    38  0  0  CHR:3,DIR:1,REG:34
 2080     26.1     25.0   1.52    8    38  0  0  CHR:3,DIR:1,REG:34
 2110     25.2     25.0   1.42    7    38  0  0  CHR:3,DIR:1,REG:34
# ---- 汇总 ----
# 采样 70 个；RSS 首 85.2 → 末 25.2 MB，最大 85.2 MB；预热 3 分钟后 RSS 斜率 -117.24 MB/小时
# 物理占用 首 25.0 → 末 25.0 MB，最大 25.0 MB；斜率 +4.49 MB/小时
# CPU 平均 1.17%，最大 2.65%（单核百分比，含启动期）
# 文件句柄 首 38 → 末 38，最大 38；线程 首 6 → 末 7
# CPU 预热 3 分钟后：平均 1.17%，中位 0.96%，P95 2.31%，最大 2.65%（65 个采样）
# CPU 预算 ≤3.0%（预热后平均 1.17%）：✅
# RSS 预算 ≤80 MB（预热后最大 75.7 MB，均值 59.3 MB；全程最大 85.2 MB）：✅
# 内存增长（预热后物理占用：前 1/3 采样的中位数 23.0 MB → 后 1/3 的中位数 25.0 MB，差 +2.0 MB，预算 ≤+3.0 MB；最小二乘斜率 +4.49 MB/小时，物理占用只有 1 MB 的分辨率，斜率仅供参考）：✅ 没有增长
# 线程数 首 6 → 末 7，最大 8；前 5 个采样的中位数 → 后 5 个采样的中位数：+1（> 8 算在涨）
# .key 句柄出现次数 0，.sock 句柄出现次数 0
# 崩溃报告（10:02:33 之后 ~/Library/Logs/DiagnosticReports 里的 Buddy*）：0 份 []
# 结果：✅ 进程一直在、线程数和句柄数没有增长、内存没有增长、CPU / RSS 在预算内、没有 .key / .sock 句柄、没有崩溃报告
