# replay 压力（8 个会话，每约 10 秒一次提醒 + 提示音） pid=53075 开始 10:02:33，35 分钟，每 30 秒一行
# 秒  RSS(MB)  footprint(MB)  CPU%  线程  句柄  .key  .sock  句柄类型
   30     89.0     27.0   4.16   13    58  0  0  CHR:3,DIR:20,KQUEUE:1,REG:34
   60     89.4     27.0   4.94   10    58  0  0  CHR:3,DIR:20,KQUEUE:1,REG:34
   90     84.7     28.0   5.34    7    58  0  0  CHR:3,DIR:20,KQUEUE:1,REG:34
  120     86.0     28.0   3.12   12    58  0  0  CHR:3,DIR:20,KQUEUE:1,REG:34
  150     85.2     28.0   5.21   12    58  0  0  CHR:3,DIR:20,KQUEUE:1,REG:34
  180     86.1     28.0   5.47   11    59  0  0  CHR:3,DIR:20,KQUEUE:1,REG:34,unix:1
  210     86.6     29.0   5.57   11    59  0  0  CHR:3,DIR:20,KQUEUE:1,REG:34,unix:1
  241     86.0     29.0   5.17   11    59  0  0  CHR:3,DIR:20,KQUEUE:1,REG:34,unix:1
  271     86.0     29.0   5.24   11    59  0  0  CHR:3,DIR:20,KQUEUE:1,REG:34,unix:1
  301     86.4     29.0   4.74   12    59  0  0  CHR:3,DIR:20,KQUEUE:1,REG:34,unix:1
  331     86.3     29.0   4.78   10    59  0  0  CHR:3,DIR:20,KQUEUE:1,REG:34,unix:1
  361     86.5     29.0   3.25   10    59  0  0  CHR:3,DIR:20,KQUEUE:1,REG:34,unix:1
  391     86.3     29.0   4.05    8    59  0  0  CHR:3,DIR:20,KQUEUE:1,REG:34,unix:1
  421     87.2     29.0   2.49    8    59  0  0  CHR:3,DIR:20,KQUEUE:1,REG:34,unix:1
  452     87.2     29.0   4.05    9    59  0  0  CHR:3,DIR:20,KQUEUE:1,REG:34,unix:1
  482     86.9     30.0   4.21   13    59  0  0  CHR:3,DIR:20,KQUEUE:1,REG:34,unix:1
  512     87.2     30.0   4.44   12    59  0  0  CHR:3,DIR:20,KQUEUE:1,REG:34,unix:1
  542     87.0     29.0   3.22    8    59  0  0  CHR:3,DIR:20,KQUEUE:1,REG:34,unix:1
  572     86.9     30.0   6.14   11    59  0  0  CHR:3,DIR:20,KQUEUE:1,REG:34,unix:1
  602     86.8     30.0   3.55    8    59  0  0  CHR:3,DIR:20,KQUEUE:1,REG:34,unix:1
  632     86.9     30.0   5.14    8    59  0  0  CHR:3,DIR:20,KQUEUE:1,REG:34,unix:1
  663     86.1     30.0   4.05   10    59  0  0  CHR:3,DIR:20,KQUEUE:1,REG:34,unix:1
  693     86.9     31.0   3.22   12    59  0  0  CHR:3,DIR:20,KQUEUE:1,REG:34,unix:1
  723     86.4     31.0   4.51    8    59  0  0  CHR:3,DIR:20,KQUEUE:1,REG:34,unix:1
  753     84.8     31.0   1.99    8    59  0  0  CHR:3,DIR:20,KQUEUE:1,REG:34,unix:1
  783     86.2     31.0   6.17   12    59  0  0  CHR:3,DIR:20,KQUEUE:1,REG:34,unix:1
  813     85.4     31.0   4.71   13    59  0  0  CHR:3,DIR:20,KQUEUE:1,REG:34,unix:1
  843     86.5     32.0   5.71   13    59  0  0  CHR:3,DIR:20,KQUEUE:1,REG:34,unix:1
  874     86.3     32.0   4.80   12    59  0  0  CHR:3,DIR:20,KQUEUE:1,REG:34,unix:1
  904     86.4     32.0   3.49   12    59  0  0  CHR:3,DIR:20,KQUEUE:1,REG:34,unix:1
  934     86.0     32.0   4.88   11    59  0  0  CHR:3,DIR:20,KQUEUE:1,REG:34,unix:1
  964     86.2     32.0   5.60   10    59  0  0  CHR:3,DIR:20,KQUEUE:1,REG:34,unix:1
  994     86.4     32.0   6.41    9    59  0  0  CHR:3,DIR:20,KQUEUE:1,REG:34,unix:1
 1024     86.6     32.0   5.08    9    59  0  0  CHR:3,DIR:20,KQUEUE:1,REG:34,unix:1
 1054     86.5     32.0   5.77   11    59  0  0  CHR:3,DIR:20,KQUEUE:1,REG:34,unix:1
 1085     86.4     32.0   4.51   12    59  0  0  CHR:3,DIR:20,KQUEUE:1,REG:34,unix:1
 1115     85.6     33.0   4.88   12    59  0  0  CHR:3,DIR:20,KQUEUE:1,REG:34,unix:1
 1145     85.3     33.0   3.72    9    59  0  0  CHR:3,DIR:20,KQUEUE:1,REG:34,unix:1
 1175     85.4     33.0   5.54   12    59  0  0  CHR:3,DIR:20,KQUEUE:1,REG:34,unix:1
 1205     85.4     33.0   5.08   12    59  0  0  CHR:3,DIR:20,KQUEUE:1,REG:34,unix:1
 1235     85.1     33.0   4.25   12    59  0  0  CHR:3,DIR:20,KQUEUE:1,REG:34,unix:1
 1265     84.6     33.0   5.34    9    59  0  0  CHR:3,DIR:20,KQUEUE:1,REG:34,unix:1
 1296     84.6     33.0   5.84   13    59  0  0  CHR:3,DIR:20,KQUEUE:1,REG:34,unix:1
 1326     84.4     33.0   5.24    9    59  0  0  CHR:3,DIR:20,KQUEUE:1,REG:34,unix:1
 1356     84.9     33.0   4.64    8    59  0  0  CHR:3,DIR:20,KQUEUE:1,REG:34,unix:1
 1386     85.6     33.0   4.41   11    59  0  0  CHR:3,DIR:20,KQUEUE:1,REG:34,unix:1
 1416     85.4     33.0   3.52    8    59  0  0  CHR:3,DIR:20,KQUEUE:1,REG:34,unix:1
 1446     85.5     33.0   4.05    8    59  0  0  CHR:3,DIR:20,KQUEUE:1,REG:34,unix:1
 1476     85.2     34.0   2.65    8    59  0  0  CHR:3,DIR:20,KQUEUE:1,REG:34,unix:1
 1507     38.5     35.0   3.64   10    59  0  0  CHR:3,DIR:20,KQUEUE:1,REG:34,unix:1
 1537     36.1     34.0   5.31   12    59  0  0  CHR:3,DIR:20,KQUEUE:1,REG:34,unix:1
 1567     38.9     34.0   5.76   10    59  0  0  CHR:3,DIR:20,KQUEUE:1,REG:34,unix:1
 1597     39.0     34.0   6.20   11    59  0  0  CHR:3,DIR:20,KQUEUE:1,REG:34,unix:1
 1628     35.8     33.0   6.88    8    59  0  0  CHR:3,DIR:20,KQUEUE:1,REG:34,unix:1
 1658     37.2     34.0   3.88    9    59  0  0  CHR:3,DIR:20,KQUEUE:1,REG:34,unix:1
 1688     37.3     33.0   4.38    8    59  0  0  CHR:3,DIR:20,KQUEUE:1,REG:34,unix:1
 1718     38.2     34.0   5.74   10    59  0  0  CHR:3,DIR:20,KQUEUE:1,REG:34,unix:1
 1748     37.8     34.0   4.74   11    59  0  0  CHR:3,DIR:20,KQUEUE:1,REG:34,unix:1
 1778     33.5     35.0   4.74    8    59  0  0  CHR:3,DIR:20,KQUEUE:1,REG:34,unix:1
 1809     37.1     35.0   4.40    8    59  0  0  CHR:3,DIR:20,KQUEUE:1,REG:34,unix:1
 1839     37.0     36.0   6.96   11    59  0  0  CHR:3,DIR:20,KQUEUE:1,REG:34,unix:1
 1869     35.7     34.0   6.75    8    59  0  0  CHR:3,DIR:20,KQUEUE:1,REG:34,unix:1
 1899     37.5     34.0   4.22    7    59  0  0  CHR:3,DIR:20,KQUEUE:1,REG:34,unix:1
 1929     38.1     35.0   4.82   12    59  0  0  CHR:3,DIR:20,KQUEUE:1,REG:34,unix:1
 1959     39.5     35.0   5.21   11    59  0  0  CHR:3,DIR:20,KQUEUE:1,REG:34,unix:1
 1990     35.8     35.0   5.20   10    59  0  0  CHR:3,DIR:20,KQUEUE:1,REG:34,unix:1
 2020     36.7     35.0   6.00   12    59  0  0  CHR:3,DIR:20,KQUEUE:1,REG:34,unix:1
 2050     38.4     36.0   6.96   11    59  0  0  CHR:3,DIR:20,KQUEUE:1,REG:34,unix:1
 2080     38.0     35.0   5.47   10    59  0  0  CHR:3,DIR:20,KQUEUE:1,REG:34,unix:1
 2110     37.0     35.0   6.13    8    59  0  0  CHR:3,DIR:20,KQUEUE:1,REG:34,unix:1
# ---- 汇总 ----
# 采样 70 个；RSS 首 89.0 → 末 37.0 MB，最大 89.4 MB；预热 3 分钟后 RSS 斜率 -119.04 MB/小时
# 物理占用 首 27.0 → 末 35.0 MB，最大 36.0 MB；斜率 +13.09 MB/小时
# CPU 平均 4.82%，最大 6.96%（单核百分比，含启动期）
# 文件句柄 首 58 → 末 59，最大 59；线程 首 13 → 末 8
# CPU 预热 3 分钟后：平均 4.85%，中位 4.82%，P95 6.75%，最大 6.96%（65 个采样）
# RSS 预算 ≤80 MB（预热后最大 87.2 MB，均值 70.3 MB；全程最大 89.4 MB）：✗ 超了
# 内存增长（预热后物理占用：前 1/3 采样的中位数 29.0 MB → 后 1/3 的中位数 35.0 MB，差 +6.0 MB，预算 ≤+3.0 MB；最小二乘斜率 +13.09 MB/小时，物理占用只有 1 MB 的分辨率，斜率仅供参考）：✗ 在涨
# 线程数 首 13 → 末 8，最大 13；前 5 个采样的中位数 → 后 5 个采样的中位数：-2（> 8 算在涨）
# .key 句柄出现次数 0，.sock 句柄出现次数 0
# 崩溃报告（10:02:33 之后 ~/Library/Logs/DiagnosticReports 里的 Buddy*）：0 份 []
# 结果：✗ 有问题，见上面（线程增长 -2，句柄增长 +1）
