# replay（假 home，6 个会话，接近真实的节奏 + 噪声） pid=53071 开始 10:02:33，35 分钟，每 30 秒一行
# 秒  RSS(MB)  footprint(MB)  CPU%  线程  句柄  .key  .sock  句柄类型
   30     85.4     26.0   2.50    8    58  0  0  CHR:3,DIR:20,KQUEUE:1,REG:34
   60     80.0     26.0   1.79    8    58  0  0  CHR:3,DIR:20,KQUEUE:1,REG:34
   90     82.4     27.0   2.79    7    58  0  0  CHR:3,DIR:20,KQUEUE:1,REG:34
  120     84.4     28.0   2.69   11    58  0  0  CHR:3,DIR:20,KQUEUE:1,REG:34
  150     84.9     28.0   3.48    8    58  0  0  CHR:3,DIR:20,KQUEUE:1,REG:34
  180     85.2     28.0   2.02    9    58  0  0  CHR:3,DIR:20,KQUEUE:1,REG:34
  210     85.0     27.0   1.46    8    58  0  0  CHR:3,DIR:20,KQUEUE:1,REG:34
  241     84.6     27.0   2.62   10    58  0  0  CHR:3,DIR:20,KQUEUE:1,REG:34
  271     84.5     27.0   1.73    8    58  0  0  CHR:3,DIR:20,KQUEUE:1,REG:34
  301     84.0     27.0   1.26    8    58  0  0  CHR:3,DIR:20,KQUEUE:1,REG:34
  331     83.8     27.0   1.49    8    58  0  0  CHR:3,DIR:20,KQUEUE:1,REG:34
  361     83.8     27.0   1.63    8    58  0  0  CHR:3,DIR:20,KQUEUE:1,REG:34
  391     84.6     25.0   2.12    9    58  0  0  CHR:3,DIR:20,KQUEUE:1,REG:34
  421     85.4     26.0   3.58   12    58  0  0  CHR:3,DIR:20,KQUEUE:1,REG:34
  452     85.2     26.0   1.86    8    58  0  0  CHR:3,DIR:20,KQUEUE:1,REG:34
  482     84.3     26.0   1.53    8    58  0  0  CHR:3,DIR:20,KQUEUE:1,REG:34
  512     84.4     26.0   1.92    8    58  0  0  CHR:3,DIR:20,KQUEUE:1,REG:34
  542     84.4     26.0   1.66    8    58  0  0  CHR:3,DIR:20,KQUEUE:1,REG:34
  572     83.9     26.0   1.59    8    58  0  0  CHR:3,DIR:20,KQUEUE:1,REG:34
  602     84.5     26.0   2.12   11    58  0  0  CHR:3,DIR:20,KQUEUE:1,REG:34
  632     84.4     26.0   1.82    8    58  0  0  CHR:3,DIR:20,KQUEUE:1,REG:34
  663     84.1     26.0   1.89    8    58  0  0  CHR:3,DIR:20,KQUEUE:1,REG:34
  693     84.0     27.0   1.43    8    58  0  0  CHR:3,DIR:20,KQUEUE:1,REG:34
  723     82.6     27.0   1.76    8    58  0  0  CHR:3,DIR:20,KQUEUE:1,REG:34
  753     83.1     27.0   2.26    9    58  0  0  CHR:3,DIR:20,KQUEUE:1,REG:34
  783     83.3     27.0   2.82    8    58  0  0  CHR:3,DIR:20,KQUEUE:1,REG:34
  813     82.4     27.0   1.63    8    58  0  0  CHR:3,DIR:20,KQUEUE:1,REG:34
  843     84.5     27.0   3.61    9    59  0  0  CHR:3,DIR:20,KQUEUE:1,REG:34,unix:1
  874     82.8     27.0   1.33    8    59  0  0  CHR:3,DIR:20,KQUEUE:1,REG:34,unix:1
  904     84.7     27.0   2.09    7    59  0  0  CHR:3,DIR:20,KQUEUE:1,REG:34,unix:1
  934     84.1     27.0   1.19    7    59  0  0  CHR:3,DIR:20,KQUEUE:1,REG:34,unix:1
  964     80.4     27.0   1.16    7    59  0  0  CHR:3,DIR:20,KQUEUE:1,REG:34,unix:1
  994     81.0     27.0   1.93    7    59  0  0  CHR:3,DIR:20,KQUEUE:1,REG:34,unix:1
 1024     85.0     28.0   1.86   12    59  0  0  CHR:3,DIR:20,KQUEUE:1,REG:34,unix:1
 1054     84.8     28.0   2.16    8    59  0  0  CHR:3,DIR:20,KQUEUE:1,REG:34,unix:1
 1085     83.8     28.0   1.62    7    59  0  0  CHR:3,DIR:20,KQUEUE:1,REG:34,unix:1
 1115     84.0     28.0   2.39    8    59  0  0  CHR:3,DIR:20,KQUEUE:1,REG:34,unix:1
 1145     83.9     28.0   2.16    8    59  0  0  CHR:3,DIR:20,KQUEUE:1,REG:34,unix:1
 1175     83.9     28.0   2.06    8    59  0  0  CHR:3,DIR:20,KQUEUE:1,REG:34,unix:1
 1205     85.0     28.0   2.69    9    59  0  0  CHR:3,DIR:20,KQUEUE:1,REG:34,unix:1
 1235     83.3     28.0   1.99    7    59  0  0  CHR:3,DIR:20,KQUEUE:1,REG:34,unix:1
 1265     83.3     28.0   2.02    9    59  0  0  CHR:3,DIR:20,KQUEUE:1,REG:34,unix:1
 1296     82.4     28.0   2.49    8    59  0  0  CHR:3,DIR:20,KQUEUE:1,REG:34,unix:1
 1326     83.4     28.0   1.73   11    59  0  0  CHR:3,DIR:20,KQUEUE:1,REG:34,unix:1
 1356     82.8     28.0   1.66    8    59  0  0  CHR:3,DIR:20,KQUEUE:1,REG:34,unix:1
 1386     81.6     28.0   1.46    8    59  0  0  CHR:3,DIR:20,KQUEUE:1,REG:34,unix:1
 1416     83.7     28.0   2.39    8    59  0  0  CHR:3,DIR:20,KQUEUE:1,REG:34,unix:1
 1446     85.0     28.0   3.15    9    59  0  0  CHR:3,DIR:20,KQUEUE:1,REG:34,unix:1
 1476     83.6     28.0   1.69    8    59  0  0  CHR:3,DIR:20,KQUEUE:1,REG:34,unix:1
 1507     42.2     31.0   2.09   16    59  0  0  CHR:3,DIR:20,KQUEUE:1,REG:34,unix:1
 1537     31.6     30.0   2.97    7    59  0  0  CHR:3,DIR:20,KQUEUE:1,REG:34,unix:1
 1567     41.2     30.0   5.13    9    59  0  0  CHR:3,DIR:20,KQUEUE:1,REG:34,unix:1
 1597     40.1     31.0   3.84    7    59  0  0  CHR:3,DIR:20,KQUEUE:1,REG:34,unix:1
 1628     36.9     31.0   4.10   10    59  0  0  CHR:3,DIR:20,KQUEUE:1,REG:34,unix:1
 1658     34.8     30.0   1.76    8    59  0  0  CHR:3,DIR:20,KQUEUE:1,REG:34,unix:1
 1688     34.9     30.0   2.49    8    59  0  0  CHR:3,DIR:20,KQUEUE:1,REG:34,unix:1
 1718     38.6     30.0   2.82   10    59  0  0  CHR:3,DIR:20,KQUEUE:1,REG:34,unix:1
 1748     37.3     30.0   3.84    8    59  0  0  CHR:3,DIR:20,KQUEUE:1,REG:34,unix:1
 1778     31.7     30.0   2.42    8    59  0  0  CHR:3,DIR:20,KQUEUE:1,REG:34,unix:1
 1809     36.3     31.0   3.28    8    59  0  0  CHR:3,DIR:20,KQUEUE:1,REG:34,unix:1
 1839     34.8     31.0   2.75    8    59  0  0  CHR:3,DIR:20,KQUEUE:1,REG:34,unix:1
 1869     32.8     31.0   1.99    8    59  0  0  CHR:3,DIR:20,KQUEUE:1,REG:34,unix:1
 1899     35.5     31.0   2.62    7    59  0  0  CHR:3,DIR:20,KQUEUE:1,REG:34,unix:1
 1929     36.4     31.0   2.36    9    59  0  0  CHR:3,DIR:20,KQUEUE:1,REG:34,unix:1
 1959     39.2     32.0   2.09   12    59  0  0  CHR:3,DIR:20,KQUEUE:1,REG:34,unix:1
 1990     36.1     30.0   3.81    9    59  0  0  CHR:3,DIR:20,KQUEUE:1,REG:34,unix:1
 2020     36.1     32.0   3.58    8    59  0  0  CHR:3,DIR:20,KQUEUE:1,REG:34,unix:1
 2050     30.5     31.0   1.96    8    59  0  0  CHR:3,DIR:20,KQUEUE:1,REG:34,unix:1
 2080     35.9     31.0   2.49    9    59  0  0  CHR:3,DIR:20,KQUEUE:1,REG:34,unix:1
 2110     35.0     31.0   2.32    8    59  0  0  CHR:3,DIR:20,KQUEUE:1,REG:34,unix:1
# ---- 汇总 ----
# 采样 70 个；RSS 首 85.4 → 末 35.0 MB，最大 85.4 MB；预热 3 分钟后 RSS 斜率 -117.04 MB/小时
# 物理占用 首 26.0 → 末 31.0 MB，最大 32.0 MB；斜率 +10.48 MB/小时
# CPU 平均 2.30%，最大 5.13%（单核百分比，含启动期）
# 文件句柄 首 58 → 末 59，最大 59；线程 首 8 → 末 8
# CPU 预热 3 分钟后：平均 2.27%，中位 2.09%，P95 3.84%，最大 5.13%（65 个采样）
# CPU 预算 ≤3.0%（预热后平均 2.27%）：✅
# RSS 预算 ≤80 MB（预热后最大 85.4 MB，均值 68.4 MB；全程最大 85.4 MB）：✗ 超了
# 内存增长（预热后物理占用：前 1/3 采样的中位数 27.0 MB → 后 1/3 的中位数 31.0 MB，差 +4.0 MB，预算 ≤+3.0 MB；最小二乘斜率 +10.48 MB/小时，物理占用只有 1 MB 的分辨率，斜率仅供参考）：✗ 在涨
# 线程数 首 8 → 末 8，最大 16；前 5 个采样的中位数 → 后 5 个采样的中位数：+0（> 8 算在涨）
# .key 句柄出现次数 0，.sock 句柄出现次数 0
# 崩溃报告（10:02:33 之后 ~/Library/Logs/DiagnosticReports 里的 Buddy*）：0 份 []
# 结果：✗ 有问题，见上面（线程增长 +0，句柄增长 +1）
