# 演示（busy6，办公室 + 小鱼缸 + 宠物条） pid=53065 开始 10:02:33，35 分钟，每 30 秒一行
# 秒  RSS(MB)  footprint(MB)  CPU%  线程  句柄  .key  .sock  句柄类型
   30     87.3     28.0   4.03    6    38  0  0  CHR:3,DIR:1,REG:34
   60     79.6     28.0   2.19    6    38  0  0  CHR:3,DIR:1,REG:34
   90     79.0     28.0   2.19    5    38  0  0  CHR:3,DIR:1,REG:34
  120     79.0     28.0   2.22    6    38  0  0  CHR:3,DIR:1,REG:34
  150     78.8     28.0   2.16    6    38  0  0  CHR:3,DIR:1,REG:34
  180     78.8     28.0   2.26    5    38  0  0  CHR:3,DIR:1,REG:34
  210     78.8     26.0   2.25    6    38  0  0  CHR:3,DIR:1,REG:34
  241     78.7     26.0   2.22    6    38  0  0  CHR:3,DIR:1,REG:34
  271     78.6     26.0   2.19    5    38  0  0  CHR:3,DIR:1,REG:34
  301     78.2     26.0   2.26    5    38  0  0  CHR:3,DIR:1,REG:34
  331     78.1     26.0   2.22    5    38  0  0  CHR:3,DIR:1,REG:34
  361     78.1     26.0   2.22    4    38  0  0  CHR:3,DIR:1,REG:34
  391     78.0     26.0   2.26    5    38  0  0  CHR:3,DIR:1,REG:34
  421     77.9     26.0   2.19    5    38  0  0  CHR:3,DIR:1,REG:34
  452     78.0     26.0   2.25    5    38  0  0  CHR:3,DIR:1,REG:34
  482     78.0     26.0   2.26    5    38  0  0  CHR:3,DIR:1,REG:34
  512     78.0     26.0   2.26    5    38  0  0  CHR:3,DIR:1,REG:34
  542     78.0     26.0   2.22    5    38  0  0  CHR:3,DIR:1,REG:34
  572     78.0     26.0   2.22    4    38  0  0  CHR:3,DIR:1,REG:34
  602     78.0     26.0   2.29    5    38  0  0  CHR:3,DIR:1,REG:34
  632     78.0     26.0   2.26    6    38  0  0  CHR:3,DIR:1,REG:34
  663     77.9     26.0   2.26    5    38  0  0  CHR:3,DIR:1,REG:34
  693     77.9     26.0   2.26    5    38  0  0  CHR:3,DIR:1,REG:34
  723     77.8     26.0   2.22    5    38  0  0  CHR:3,DIR:1,REG:34
  753     77.8     26.0   2.32    5    38  0  0  CHR:3,DIR:1,REG:34
  783     77.9     26.0   2.16    6    38  0  0  CHR:3,DIR:1,REG:34
  813     77.9     26.0   2.26    5    38  0  0  CHR:3,DIR:1,REG:34
  843     78.0     26.0   2.29    6    38  0  0  CHR:3,DIR:1,REG:34
  874     77.9     26.0   2.19    6    38  0  0  CHR:3,DIR:1,REG:34
  904     77.9     26.0   2.29    6    38  0  0  CHR:3,DIR:1,REG:34
  934     77.9     26.0   2.26    6    38  0  0  CHR:3,DIR:1,REG:34
  964     77.8     26.0   2.19    5    38  0  0  CHR:3,DIR:1,REG:34
  994     77.9     26.0   2.26    6    38  0  0  CHR:3,DIR:1,REG:34
 1024     77.9     26.0   2.26    6    38  0  0  CHR:3,DIR:1,REG:34
 1054     77.9     26.0   2.26    6    38  0  0  CHR:3,DIR:1,REG:34
 1085     77.9     26.0   2.19    6    38  0  0  CHR:3,DIR:1,REG:34
 1115     77.0     26.0   2.22    5    38  0  0  CHR:3,DIR:1,REG:34
 1145     77.0     26.0   2.22    5    38  0  0  CHR:3,DIR:1,REG:34
 1175     77.0     26.0   2.22    6    38  0  0  CHR:3,DIR:1,REG:34
 1205     77.0     26.0   2.29    6    38  0  0  CHR:3,DIR:1,REG:34
 1235     77.0     26.0   2.16    6    38  0  0  CHR:3,DIR:1,REG:34
 1265     77.0     26.0   2.25    6    38  0  0  CHR:3,DIR:1,REG:34
 1296     77.0     26.0   2.26    6    38  0  0  CHR:3,DIR:1,REG:34
 1326     76.9     26.0   2.19    5    38  0  0  CHR:3,DIR:1,REG:34
 1356     76.9     26.0   2.26    5    38  0  0  CHR:3,DIR:1,REG:34
 1386     77.0     26.0   2.26    6    38  0  0  CHR:3,DIR:1,REG:34
 1416     76.9     26.0   2.29    4    38  0  0  CHR:3,DIR:1,REG:34
 1446     76.9     26.0   2.16    5    38  0  0  CHR:3,DIR:1,REG:34
 1476     76.6     26.0   2.19    5    38  0  0  CHR:3,DIR:1,REG:34
 1507     38.4     28.0   2.72    8    38  0  0  CHR:3,DIR:1,REG:34
 1537     32.9     28.0   4.84    6    38  0  0  CHR:3,DIR:1,REG:34
 1567     31.2     28.0   5.00    5    38  0  0  CHR:3,DIR:1,REG:34
 1597     30.9     28.0   5.20    6    38  0  0  CHR:3,DIR:1,REG:34
 1628     32.4     28.0   4.86    7    38  0  0  CHR:3,DIR:1,REG:34
 1658     30.2     28.0   5.27    7    38  0  0  CHR:3,DIR:1,REG:34
 1688     30.1     28.0   5.87    6    38  0  0  CHR:3,DIR:1,REG:34
 1718     29.6     28.0   5.88    6    38  0  0  CHR:3,DIR:1,REG:34
 1748     29.6     28.0   5.73    6    38  0  0  CHR:3,DIR:1,REG:34
 1778     29.0     28.0   5.96    6    38  0  0  CHR:3,DIR:1,REG:34
 1809     29.5     28.0   5.89    5    38  0  0  CHR:3,DIR:1,REG:34
 1839     29.1     28.0   5.44    6    38  0  0  CHR:3,DIR:1,REG:34
 1869     30.3     28.0   5.10    6    38  0  0  CHR:3,DIR:1,REG:34
 1899     30.0     28.0   2.52    5    38  0  0  CHR:3,DIR:1,REG:34
 1929     29.3     28.0   2.29    5    38  0  0  CHR:3,DIR:1,REG:34
 1959     29.1     28.0   2.26    6    38  0  0  CHR:3,DIR:1,REG:34
 1990     28.9     28.0   4.34    5    38  0  0  CHR:3,DIR:1,REG:34
 2020     28.6     28.0   5.63    7    38  0  0  CHR:3,DIR:1,REG:34
 2050     28.8     29.0   5.80    7    38  0  0  CHR:3,DIR:1,REG:34
 2080     28.9     29.0   5.83    7    38  0  0  CHR:3,DIR:1,REG:34
 2110     28.6     28.0   5.80    5    38  0  0  CHR:3,DIR:1,REG:34
# ---- 汇总 ----
# 采样 70 个；RSS 首 87.3 → 末 28.6 MB，最大 87.3 MB；预热 3 分钟后 RSS 斜率 -116.91 MB/小时
# 物理占用 首 28.0 → 末 28.0 MB，最大 29.0 MB；斜率 +4.81 MB/小时
# CPU 平均 3.05%，最大 5.96%（单核百分比，含启动期）
# 文件句柄 首 38 → 末 38，最大 38；线程 首 6 → 末 5
# CPU 预热 3 分钟后：平均 3.09%，中位 2.26%，P95 5.87%，最大 5.96%（65 个采样）
# CPU 预算 ≤5.0%（预热后平均 3.09%）：✅
# RSS 预算 ≤80 MB（预热后最大 78.8 MB，均值 62.4 MB；全程最大 87.3 MB）：✅
# 内存增长（预热后物理占用：前 1/3 采样的中位数 26.0 MB → 后 1/3 的中位数 28.0 MB，差 +2.0 MB，预算 ≤+3.0 MB；最小二乘斜率 +4.81 MB/小时，物理占用只有 1 MB 的分辨率，斜率仅供参考）：✅ 没有增长
# 线程数 首 6 → 末 5，最大 8；前 5 个采样的中位数 → 后 5 个采样的中位数：+1（> 8 算在涨）
# .key 句柄出现次数 0，.sock 句柄出现次数 0
# 崩溃报告（10:02:33 之后 ~/Library/Logs/DiagnosticReports 里的 Buddy*）：0 份 []
# 结果：✅ 进程一直在、线程数和句柄数没有增长、内存没有增长、CPU / RSS 在预算内、没有 .key / .sock 句柄、没有崩溃报告
