# 空闲（idle6，只开办公室窗口） pid=53067 开始 10:02:33，35 分钟，每 30 秒一行
# 秒  RSS(MB)  footprint(MB)  CPU%  线程  句柄  .key  .sock  句柄类型
   30     84.1     25.0   0.90    6    38  0  0  CHR:3,DIR:1,REG:34
   60     76.4     25.0   0.70    6    38  0  0  CHR:3,DIR:1,REG:34
   90     75.3     25.0   0.63    5    38  0  0  CHR:3,DIR:1,REG:34
  120     75.2     25.0   0.66    6    38  0  0  CHR:3,DIR:1,REG:34
  150     75.1     25.0   0.66    6    38  0  0  CHR:3,DIR:1,REG:34
  180     75.1     25.0   0.63    6    38  0  0  CHR:3,DIR:1,REG:34
  210     75.2     24.0   0.66    6    38  0  0  CHR:3,DIR:1,REG:34
  241     75.0     24.0   0.66    6    38  0  0  CHR:3,DIR:1,REG:34
  271     75.0     24.0   0.63    6    38  0  0  CHR:3,DIR:1,REG:34
  301     74.7     24.0   0.66    6    38  0  0  CHR:3,DIR:1,REG:34
  331     74.6     24.0   0.66    6    38  0  0  CHR:3,DIR:1,REG:34
  361     74.5     24.0   0.63    5    38  0  0  CHR:3,DIR:1,REG:34
  391     74.3     23.0   0.66    5    38  0  0  CHR:3,DIR:1,REG:34
  421     74.4     23.0   0.63    5    38  0  0  CHR:3,DIR:1,REG:34
  452     74.3     23.0   0.70    5    38  0  0  CHR:3,DIR:1,REG:34
  482     74.4     23.0   0.63    5    38  0  0  CHR:3,DIR:1,REG:34
  512     74.4     23.0   0.66    6    38  0  0  CHR:3,DIR:1,REG:34
  542     74.3     23.0   0.63    5    38  0  0  CHR:3,DIR:1,REG:34
  572     74.3     23.0   0.66    5    38  0  0  CHR:3,DIR:1,REG:34
  602     74.4     23.0   0.63    6    38  0  0  CHR:3,DIR:1,REG:34
  632     74.3     23.0   0.66    5    38  0  0  CHR:3,DIR:1,REG:34
  663     74.3     23.0   0.66    6    38  0  0  CHR:3,DIR:1,REG:34
  693     74.3     23.0   0.66    6    38  0  0  CHR:3,DIR:1,REG:34
  723     74.2     23.0   0.63    6    38  0  0  CHR:3,DIR:1,REG:34
  753     74.2     23.0   0.66    5    38  0  0  CHR:3,DIR:1,REG:34
  783     74.2     23.0   0.66    6    38  0  0  CHR:3,DIR:1,REG:34
  813     74.3     23.0   0.66    6    38  0  0  CHR:3,DIR:1,REG:34
  843     74.3     23.0   0.66    6    38  0  0  CHR:3,DIR:1,REG:34
  874     74.3     23.0   0.66    6    38  0  0  CHR:3,DIR:1,REG:34
  904     74.3     23.0   0.63    6    38  0  0  CHR:3,DIR:1,REG:34
  934     74.3     23.0   0.66    5    38  0  0  CHR:3,DIR:1,REG:34
  964     74.3     23.0   0.66    6    38  0  0  CHR:3,DIR:1,REG:34
  994     74.2     23.0   0.66    5    38  0  0  CHR:3,DIR:1,REG:34
 1024     74.2     23.0   0.63    5    38  0  0  CHR:3,DIR:1,REG:34
 1054     74.3     23.0   0.66    5    38  0  0  CHR:3,DIR:1,REG:34
 1085     74.2     23.0   0.66    6    38  0  0  CHR:3,DIR:1,REG:34
 1115     73.4     23.0   0.66    6    38  0  0  CHR:3,DIR:1,REG:34
 1145     73.4     23.0   0.63    5    38  0  0  CHR:3,DIR:1,REG:34
 1175     73.3     23.0   0.66    6    38  0  0  CHR:3,DIR:1,REG:34
 1205     73.3     23.0   0.66    6    38  0  0  CHR:3,DIR:1,REG:34
 1235     73.3     23.0   0.66    6    38  0  0  CHR:3,DIR:1,REG:34
 1265     73.3     23.0   0.70    6    38  0  0  CHR:3,DIR:1,REG:34
 1296     73.3     23.0   0.66    6    38  0  0  CHR:3,DIR:1,REG:34
 1326     73.3     23.0   0.63    5    38  0  0  CHR:3,DIR:1,REG:34
 1356     73.3     23.0   0.63    5    38  0  0  CHR:3,DIR:1,REG:34
 1386     73.3     23.0   0.66    6    38  0  0  CHR:3,DIR:1,REG:34
 1416     73.3     23.0   0.63    5    38  0  0  CHR:3,DIR:1,REG:34
 1446     73.3     23.0   0.66    6    38  0  0  CHR:3,DIR:1,REG:34
 1476     72.8     23.0   0.63    5    38  0  0  CHR:3,DIR:1,REG:34
 1507     35.0     24.0   0.86    8    38  0  0  CHR:3,DIR:1,REG:34
 1537     27.7     25.0   1.15    6    38  0  0  CHR:3,DIR:1,REG:34
 1567     27.8     25.0   1.13    6    38  0  0  CHR:3,DIR:1,REG:34
 1597     27.1     25.0   1.13    6    38  0  0  CHR:3,DIR:1,REG:34
 1628     29.4     25.0   1.09    8    38  0  0  CHR:3,DIR:1,REG:34
 1658     26.2     25.0   0.86    6    38  0  0  CHR:3,DIR:1,REG:34
 1688     26.4     25.0   0.86    5    38  0  0  CHR:3,DIR:1,REG:34
 1718     25.9     25.0   0.80    6    38  0  0  CHR:3,DIR:1,REG:34
 1748     25.9     25.0   0.86    5    38  0  0  CHR:3,DIR:1,REG:34
 1778     25.4     25.0   0.83    6    38  0  0  CHR:3,DIR:1,REG:34
 1809     26.2     25.0   0.86    6    38  0  0  CHR:3,DIR:1,REG:34
 1839     25.3     25.0   0.73    6    38  0  0  CHR:3,DIR:1,REG:34
 1869     27.0     25.0   0.93    6    38  0  0  CHR:3,DIR:1,REG:34
 1899     26.7     25.0   0.76    5    38  0  0  CHR:3,DIR:1,REG:34
 1929     26.6     25.0   0.66    6    38  0  0  CHR:3,DIR:1,REG:34
 1959     26.0     25.0   0.70    6    38  0  0  CHR:3,DIR:1,REG:34
 1990     25.8     25.0   0.96    6    38  0  0  CHR:3,DIR:1,REG:34
 2020     25.0     25.0   0.86    6    38  0  0  CHR:3,DIR:1,REG:34
 2050     25.3     25.0   0.86    6    38  0  0  CHR:3,DIR:1,REG:34
 2080     25.8     25.0   0.83    8    38  0  0  CHR:3,DIR:1,REG:34
 2110     24.7     25.0   0.89    5    38  0  0  CHR:3,DIR:1,REG:34
# ---- 汇总 ----
# 采样 70 个；RSS 首 84.1 → 末 24.7 MB，最大 84.1 MB；预热 3 分钟后 RSS 斜率 -116.62 MB/小时
# 物理占用 首 25.0 → 末 25.0 MB，最大 25.0 MB；斜率 +3.53 MB/小时
# CPU 平均 0.73%，最大 1.15%（单核百分比，含启动期）
# 文件句柄 首 38 → 末 38，最大 38；线程 首 6 → 末 5
# CPU 预热 3 分钟后：平均 0.73%，中位 0.66%，P95 1.09%，最大 1.15%（65 个采样）
# CPU 预算 ≤1.0%（预热后平均 0.73%）：✅
# RSS 预算 ≤80 MB（预热后最大 75.2 MB，均值 58.8 MB；全程最大 84.1 MB）：✅
# 内存增长（预热后物理占用：前 1/3 采样的中位数 23.0 MB → 后 1/3 的中位数 25.0 MB，差 +2.0 MB，预算 ≤+3.0 MB；最小二乘斜率 +3.53 MB/小时，物理占用只有 1 MB 的分辨率，斜率仅供参考）：✅ 没有增长
# 线程数 首 6 → 末 5，最大 8；前 5 个采样的中位数 → 后 5 个采样的中位数：+0（> 8 算在涨）
# .key 句柄出现次数 0，.sock 句柄出现次数 0
# 崩溃报告（10:02:33 之后 ~/Library/Logs/DiagnosticReports 里的 Buddy*）：0 份 []
# 结果：✅ 进程一直在、线程数和句柄数没有增长、内存没有增长、CPU / RSS 在预算内、没有 .key / .sock 句柄、没有崩溃报告
